Component: Arm Compiler for Embedded 6.19 Tool: armlink [5e73cb00]

==============================================================================

Section Cross References

    startup_stm32h743xx.o(STACK) refers (Special) to heapauxi.o(.text) for __use_two_region_memory
    startup_stm32h743xx.o(HEAP) refers (Special) to heapauxi.o(.text) for __use_two_region_memory
    startup_stm32h743xx.o(RESET) refers (Special) to heapauxi.o(.text) for __use_two_region_memory
    startup_stm32h743xx.o(RESET) refers to startup_stm32h743xx.o(STACK) for __initial_sp
    startup_stm32h743xx.o(RESET) refers to startup_stm32h743xx.o(.text) for Reset_Handler
    startup_stm32h743xx.o(RESET) refers to stm32h7xx_it.o(.text.NMI_Handler) for NMI_Handler
    startup_stm32h743xx.o(RESET) refers to stm32h7xx_it.o(.text.HardFault_Handler) for HardFault_Handler
    startup_stm32h743xx.o(RESET) refers to stm32h7xx_it.o(.text.MemManage_Handler) for MemManage_Handler
    startup_stm32h743xx.o(RESET) refers to stm32h7xx_it.o(.text.BusFault_Handler) for BusFault_Handler
    startup_stm32h743xx.o(RESET) refers to stm32h7xx_it.o(.text.UsageFault_Handler) for UsageFault_Handler
    startup_stm32h743xx.o(RESET) refers to port.o(.text.SVC_Handler) for SVC_Handler
    startup_stm32h743xx.o(RESET) refers to stm32h7xx_it.o(.text.DebugMon_Handler) for DebugMon_Handler
    startup_stm32h743xx.o(RESET) refers to port.o(.text.PendSV_Handler) for PendSV_Handler
    startup_stm32h743xx.o(RESET) refers to port.o(.text.SysTick_Handler) for SysTick_Handler
    startup_stm32h743xx.o(RESET) refers to stm32h7xx_it.o(.text.DMA1_Stream0_IRQHandler) for DMA1_Stream0_IRQHandler
    startup_stm32h743xx.o(RESET) refers to stm32h7xx_it.o(.text.DMA1_Stream1_IRQHandler) for DMA1_Stream1_IRQHandler
    startup_stm32h743xx.o(RESET) refers to stm32h7xx_it.o(.text.DMA1_Stream5_IRQHandler) for DMA1_Stream5_IRQHandler
    startup_stm32h743xx.o(RESET) refers to stm32h7xx_it.o(.text.DMA1_Stream6_IRQHandler) for DMA1_Stream6_IRQHandler
    startup_stm32h743xx.o(RESET) refers to stm32h7xx_it.o(.text.TIM2_IRQHandler) for TIM2_IRQHandler
    startup_stm32h743xx.o(RESET) refers to stm32h7xx_it.o(.text.I2C2_EV_IRQHandler) for I2C2_EV_IRQHandler
    startup_stm32h743xx.o(RESET) refers to stm32h7xx_it.o(.text.I2C2_ER_IRQHandler) for I2C2_ER_IRQHandler
    startup_stm32h743xx.o(RESET) refers to stm32h7xx_it.o(.text.USART3_IRQHandler) for USART3_IRQHandler
    startup_stm32h743xx.o(.text) refers (Special) to heapauxi.o(.text) for __use_two_region_memory
    startup_stm32h743xx.o(.text) refers to system_stm32h7xx.o(.text.ExitRun0Mode) for ExitRun0Mode
    startup_stm32h743xx.o(.text) refers to system_stm32h7xx.o(.text.SystemInit) for SystemInit
    startup_stm32h743xx.o(.text) refers to __main.o(!!!main) for __main
    startup_stm32h743xx.o(.text) refers to startup_stm32h743xx.o(HEAP) for Heap_Mem
    startup_stm32h743xx.o(.text) refers to startup_stm32h743xx.o(STACK) for Stack_Mem
    main.o(.text.main) refers to stm32h7xx_hal_cortex.o(.text.HAL_MPU_Disable) for HAL_MPU_Disable
    main.o(.text.main) refers to stm32h7xx_hal_cortex.o(.text.HAL_MPU_ConfigRegion) for HAL_MPU_ConfigRegion
    main.o(.text.main) refers to stm32h7xx_hal_cortex.o(.text.HAL_MPU_Enable) for HAL_MPU_Enable
    main.o(.text.main) refers to stm32h7xx_hal.o(.text.HAL_Init) for HAL_Init
    main.o(.text.main) refers to main.o(.text.SystemClock_Config) for SystemClock_Config
    main.o(.text.main) refers to common.o(.text.HAL_Delay_us_init) for HAL_Delay_us_init
    main.o(.text.main) refers to stm32h7xx_hal.o(.text.HAL_Delay) for HAL_Delay
    main.o(.text.main) refers to gpio.o(.text.MX_GPIO_Init) for MX_GPIO_Init
    main.o(.text.main) refers to dma.o(.text.MX_DMA_Init) for MX_DMA_Init
    main.o(.text.main) refers to tim.o(.text.MX_TIM5_Init) for MX_TIM5_Init
    main.o(.text.main) refers to spi.o(.text.MX_SPI1_Init) for MX_SPI1_Init
    main.o(.text.main) refers to usart.o(.text.MX_USART3_UART_Init) for MX_USART3_UART_Init
    main.o(.text.main) refers to tim.o(.text.MX_TIM3_Init) for MX_TIM3_Init
    main.o(.text.main) refers to i2c.o(.text.MX_I2C2_Init) for MX_I2C2_Init
    main.o(.text.main) refers to remote_control.o(.text.ELRS_Init) for ELRS_Init
    main.o(.text.main) refers to tim.o(.bss.htim5) for htim5
    main.o(.text.main) refers to stm32h7xx_hal_tim.o(.text.HAL_TIM_PWM_Start) for HAL_TIM_PWM_Start
    main.o(.text.main) refers to tim.o(.bss.htim3) for htim3
    main.o(.text.main) refers to stm32h7xx_hal_gpio.o(.text.HAL_GPIO_WritePin) for HAL_GPIO_WritePin
    main.o(.text.main) refers to freertos.o(.text.MX_FREERTOS_Init) for MX_FREERTOS_Init
    main.o(.text.main) refers to cmsis_os.o(.text.osKernelStart) for osKernelStart
    main.o(.ARM.exidx.text.main) refers to main.o(.text.main) for [Anonymous Symbol]
    main.o(.text.SystemClock_Config) refers to rt_memclr_w.o(.text) for __aeabi_memclr4
[...]
    HAL_MPU_Enable                           0x08003ec9   Thumb Code    32  stm32h7xx_hal_cortex.o(.text.HAL_MPU_Enable)
    HAL_MspInit                              0x08003ee9   Thumb Code    42  stm32h7xx_hal_msp.o(.text.HAL_MspInit)
    HAL_NVIC_EnableIRQ                       0x08003f19   Thumb Code    32  stm32h7xx_hal_cortex.o(.text.HAL_NVIC_EnableIRQ)
    HAL_NVIC_SetPriority                     0x08003f39   Thumb Code    90  stm32h7xx_hal_cortex.o(.text.HAL_NVIC_SetPriority)
    HAL_NVIC_SetPriorityGrouping             0x08003f99   Thumb Code    32  stm32h7xx_hal_cortex.o(.text.HAL_NVIC_SetPriorityGrouping)
    HAL_PWREx_ConfigSupply                   0x08003fb9   Thumb Code    72  stm32h7xx_hal_pwr_ex.o(.text.HAL_PWREx_ConfigSupply)
    HAL_RCCEx_GetD3PCLK1Freq                 0x08004001   Thumb Code    38  stm32h7xx_hal_rcc_ex.o(.text.HAL_RCCEx_GetD3PCLK1Freq)
    HAL_RCCEx_GetPLL2ClockFreq               0x08004029   Thumb Code   296  stm32h7xx_hal_rcc_ex.o(.text.HAL_RCCEx_GetPLL2ClockFreq)
    HAL_RCCEx_GetPLL3ClockFreq               0x08004151   Thumb Code   296  stm32h7xx_hal_rcc_ex.o(.text.HAL_RCCEx_GetPLL3ClockFreq)
    HAL_RCCEx_PeriphCLKConfig                0x08004279   Thumb Code  2572  stm32h7xx_hal_rcc_ex.o(.text.HAL_RCCEx_PeriphCLKConfig)
    HAL_RCC_ClockConfig                      0x08004c89   Thumb Code   600  stm32h7xx_hal_rcc.o(.text.HAL_RCC_ClockConfig)
    HAL_RCC_GetClockConfig                   0x08004ee1   Thumb Code    88  stm32h7xx_hal_rcc.o(.text.HAL_RCC_GetClockConfig)
    HAL_RCC_GetHCLKFreq                      0x08004f39   Thumb Code    76  stm32h7xx_hal_rcc.o(.text.HAL_RCC_GetHCLKFreq)
    HAL_RCC_GetPCLK1Freq                     0x08004f89   Thumb Code    96  stm32h7xx_hal_rcc.o(.text.HAL_RCC_GetPCLK1Freq)
    HAL_RCC_GetPCLK2Freq                     0x08004fe9   Thumb Code    96  stm32h7xx_hal_rcc.o(.text.HAL_RCC_GetPCLK2Freq)
    HAL_RCC_GetSysClockFreq                  0x08005049   Thumb Code   268  stm32h7xx_hal_rcc.o(.text.HAL_RCC_GetSysClockFreq)
    HAL_RCC_OscConfig                        0x08005159   Thumb Code  1670  stm32h7xx_hal_rcc.o(.text.HAL_RCC_OscConfig)
    HAL_SPI_Init                             0x080057e1   Thumb Code   418  stm32h7xx_hal_spi.o(.text.HAL_SPI_Init)
    HAL_SPI_MspInit                          0x08005989   Thumb Code   204  spi.o(.text.HAL_SPI_MspInit)
    HAL_SPI_TransmitReceive                  0x08005a59   Thumb Code   990  stm32h7xx_hal_spi.o(.text.HAL_SPI_TransmitReceive)
    HAL_TIMEx_Break2Callback                 0x08005e39   Thumb Code     2  stm32h7xx_hal_tim_ex.o(.text.HAL_TIMEx_Break2Callback)
    HAL_TIMEx_BreakCallback                  0x08005e41   Thumb Code     2  stm32h7xx_hal_tim_ex.o(.text.HAL_TIMEx_BreakCallback)
    HAL_TIMEx_CommutCallback                 0x08005e49   Thumb Code     2  stm32h7xx_hal_tim_ex.o(.text.HAL_TIMEx_CommutCallback)
    HAL_TIMEx_MasterConfigSynchronization    0x08005e51   Thumb Code   204  stm32h7xx_hal_tim_ex.o(.text.HAL_TIMEx_MasterConfigSynchronization)
    HAL_TIM_Base_Init                        0x08005f21   Thumb Code    96  stm32h7xx_hal_tim.o(.text.HAL_TIM_Base_Init)
    HAL_TIM_Base_MspInit                     0x08005f81   Thumb Code     2  stm32h7xx_hal_tim.o(.text.HAL_TIM_Base_MspInit)
    HAL_TIM_Base_Start_IT                    0x08005f89   Thumb Code   178  stm32h7xx_hal_tim.o(.text.HAL_TIM_Base_Start_IT)
    HAL_TIM_IC_CaptureCallback               0x08006041   Thumb Code     2  stm32h7xx_hal_tim.o(.text.HAL_TIM_IC_CaptureCallback)
    HAL_TIM_IRQHandler                       0x08006049   Thumb Code   358  stm32h7xx_hal_tim.o(.text.HAL_TIM_IRQHandler)
    HAL_TIM_OC_DelayElapsedCallback          0x080061b1   Thumb Code     2  stm32h7xx_hal_tim.o(.text.HAL_TIM_OC_DelayElapsedCallback)
    HAL_TIM_PWM_ConfigChannel                0x080061b9   Thumb Code  1188  stm32h7xx_hal_tim.o(.text.HAL_TIM_PWM_ConfigChannel)
    HAL_TIM_PWM_Init                         0x08006661   Thumb Code    96  stm32h7xx_hal_tim.o(.text.HAL_TIM_PWM_Init)
    HAL_TIM_PWM_MspInit                      0x080066c1   Thumb Code    88  tim.o(.text.HAL_TIM_PWM_MspInit)
    HAL_TIM_PWM_PulseFinishedCallback        0x08006719   Thumb Code     2  stm32h7xx_hal_tim.o(.text.HAL_TIM_PWM_PulseFinishedCallback)
    HAL_TIM_PWM_Start                        0x08006721   Thumb Code   436  stm32h7xx_hal_tim.o(.text.HAL_TIM_PWM_Start)
    HAL_TIM_PeriodElapsedCallback            0x080068d9   Thumb Code    14  main.o(.text.HAL_TIM_PeriodElapsedCallback)
    HAL_TIM_TriggerCallback                  0x080068e9   Thumb Code     2  stm32h7xx_hal_tim.o(.text.HAL_TIM_TriggerCallback)
    HAL_UARTEx_DisableFifoMode               0x080068f1   Thumb Code    54  stm32h7xx_hal_uart_ex.o(.text.HAL_UARTEx_DisableFifoMode)
    HAL_UARTEx_ReceiveToIdle_DMA             0x08006929   Thumb Code    86  stm32h7xx_hal_uart_ex.o(.text.HAL_UARTEx_ReceiveToIdle_DMA)
    HAL_UARTEx_RxEventCallback               0x08006981   Thumb Code    20  remote_control.o(.text.HAL_UARTEx_RxEventCallback)
    HAL_UARTEx_RxFifoFullCallback            0x08006999   Thumb Code     2  stm32h7xx_hal_uart_ex.o(.text.HAL_UARTEx_RxFifoFullCallback)
    HAL_UARTEx_SetRxFifoThreshold            0x080069a1   Thumb Code   146  stm32h7xx_hal_uart_ex.o(.text.HAL_UARTEx_SetRxFifoThreshold)
    HAL_UARTEx_SetTxFifoThreshold            0x08006a39   Thumb Code   146  stm32h7xx_hal_uart_ex.o(.text.HAL_UARTEx_SetTxFifoThreshold)
    HAL_UARTEx_TxFifoEmptyCallback           0x08006ad1   Thumb Code     2  stm32h7xx_hal_uart_ex.o(.text.HAL_UARTEx_TxFifoEmptyCallback)
    HAL_UARTEx_WakeupCallback                0x08006ad9   Thumb Code     2  stm32h7xx_hal_uart_ex.o(.text.HAL_UARTEx_WakeupCallback)
    HAL_UART_ErrorCallback                   0x08006ae1   Thumb Code     2  stm32h7xx_hal_uart.o(.text.HAL_UART_ErrorCallback)
    HAL_UART_IRQHandler                      0x08006ae9   Thumb Code  1154  stm32h7xx_hal_uart.o(.text.HAL_UART_IRQHandler)
    HAL_UART_Init                            0x08006f71   Thumb Code   102  stm32h7xx_hal_uart.o(.text.HAL_UART_Init)
    HAL_UART_MspInit                         0x08006fd9   Thumb Code   286  usart.o(.text.HAL_UART_MspInit)
    HAL_UART_RxCpltCallback                  0x080070f9   Thumb Code     2  stm32h7xx_hal_uart.o(.text.HAL_UART_RxCpltCallback)
    HAL_UART_RxHalfCpltCallback              0x08007101   Thumb Code     2  stm32h7xx_hal_uart.o(.text.HAL_UART_RxHalfCpltCallback)
    HAL_UART_TxCpltCallback                  0x08007109   Thumb Code     2  stm32h7xx_hal_uart.o(.text.HAL_UART_TxCpltCallback)
    HardFault_Handler                        0x08007111   Thumb Code     2  stm32h7xx_it.o(.text.HardFault_Handler)
    I2C2_ER_IRQHandler                       0x08007119   Thumb Code    12  stm32h7xx_it.o(.text.I2C2_ER_IRQHandler)
    I2C2_EV_IRQHandler                       0x08007129   Thumb Code    12  stm32h7xx_it.o(.text.I2C2_EV_IRQHandler)
    INS_task                                 0x08008529   Thumb Code  1524  ins_task.o(.text.INS_task)
    LowPassFilter_1st                        0x08008b21   Thumb Code    76  ekf.o(.text.LowPassFilter_1st)
    MX_DMA_Init                              0x08008b71   Thumb Code   100  dma.o(.text.MX_DMA_Init)
    MX_FREERTOS_Init                         0x08008bd9   Thumb Code   236  freertos.o(.text.MX_FREERTOS_Init)
    MX_GPIO_Init                             0x08008cc9   Thumb Code   296  gpio.o(.text.MX_GPIO_Init)
    MX_I2C2_Init                             0x08008df1   Thumb Code   106  i2c.o(.text.MX_I2C2_Init)
    MX_SPI1_Init                             0x08008e61   Thumb Code    94  spi.o(.text.MX_SPI1_Init)
    MX_TIM3_Init                             0x08008ec1   Thumb Code   280  tim.o(.text.MX_TIM3_Init)
    MX_TIM5_Init                             0x08008fd9   Thumb Code   324  tim.o(.text.MX_TIM5_Init)
    MX_USART3_UART_Init                      0x08009121   Thumb Code   128  usart.o(.text.MX_USART3_UART_Init)
    MadgwickAHRSupdateIMU                    0x080091a1   Thumb Code   860  ins_task.o(.text.MadgwickAHRSupdateIMU)
    MemManage_Handler                        0x08009501   Thumb Code     2  stm32h7xx_it.o(.text.MemManage_Handler)
    NMI_Handler                              0x08009509   Thumb Code     2  stm32h7xx_it.o(.text.NMI_Handler)
    PID_calc                                 0x08009511   Thumb Code   316  pid.o(.text.PID_calc)
    PID_init                                 0x08009651   Thumb Code    60  pid.o(.text.PID_init)
    PendSV_Handler                           0x08009691   Thumb Code   100  port.o(.text.PendSV_Handler)
    QMC6310_Init                             0x080096f9   Thumb Code   210  qmc6310.o(.text.QMC6310_Init)
    SPI1_ReadWriteByte                       0x08009a11   Thumb Code    58  spi.o(.text.SPI1_ReadWriteByte)
    SPL06_Init                               0x08009b19   Thumb Code   384  spl06.o(.text.SPL06_Init)
    SPL06_Process_Data                       0x08009c99   Thumb Code   356  spl06.o(.text.SPL06_Process_Data)
    SPL06_Start_Read_IT                      0x08009e01   Thumb Code    58  spl06.o(.text.SPL06_Start_Read_IT)
    SVC_Handler                              0x08009e41   Thumb Code    36  port.o(.text.SVC_Handler)
    StartDefaultTask                         0x08009e69   Thumb Code     8  freertos.o(.text.StartDefaultTask)
    SysTick_Handler                          0x08009e71   Thumb Code    46  port.o(.text.SysTick_Handler)
    SystemClock_Config                       0x08009ea1   Thumb Code   202  main.o(.text.SystemClock_Config)
    SystemInit                               0x08009f71   Thumb Code   238  system_stm32h7xx.o(.text.SystemInit)
    TIM2_IRQHandler                          0x0800a061   Thumb Code    12  stm32h7xx_it.o(.text.TIM2_IRQHandler)
    TIM_Base_SetConfig                       0x0800a071   Thumb Code   320  stm32h7xx_hal_tim.o(.text.TIM_Base_SetConfig)
    UART_AdvFeatureConfig                    0x0800a1b1   Thumb Code   224  stm32h7xx_hal_uart.o(.text.UART_AdvFeatureConfig)
    UART_CheckIdleState                      0x0800a291   Thumb Code   184  stm32h7xx_hal_uart.o(.text.UART_CheckIdleState)
    UART_SetConfig                           0x0800a4c9   Thumb Code  1200  stm32h7xx_hal_uart.o(.text.UART_SetConfig)
    UART_Start_Receive_DMA                   0x0800a981   Thumb Code   164  stm32h7xx_hal_uart.o(.text.UART_Start_Receive_DMA)
    UART_WaitOnFlagUntilTimeout              0x0800aa29   Thumb Code   326  stm32h7xx_hal_uart.o(.text.UART_WaitOnFlagUntilTimeout)
    USART3_IRQHandler                        0x0800ab71   Thumb Code    12  stm32h7xx_it.o(.text.USART3_IRQHandler)
    UsageFault_Handler                       0x0800ab81   Thumb Code     2  stm32h7xx_it.o(.text.UsageFault_Handler)
    aricraft_fly_ctrl                        0x0800ab89   Thumb Code  4100  aircraft_ctrl_task.o(.text.aricraft_fly_ctrl)
    attitude_update_madgwick                 0x0800bb91   Thumb Code   332  ins_task.o(.text.attitude_update_madgwick)
    bmi088_mma_get_data                      0x0800bce1   Thumb Code   122  bmi088_mma.o(.text.bmi088_mma_get_data)
    bmi088_mma_init                          0x0800bd61   Thumb Code    62  bmi088_mma.o(.text.bmi088_mma_init)
    bmi088_mma_set_meas_conf                 0x0800bda1   Thumb Code    88  bmi088_mma.o(.text.bmi088_mma_set_meas_conf)
    bmi08_check_rslt                         0x0800bdf9   Thumb Code     2  common.o(.text.bmi08_check_rslt)
    bmi08_delay_us                           0x0800be01   Thumb Code    58  common.o(.text.bmi08_delay_us)
    bmi08_i2c_read                           0x0800be41   Thumb Code     4  common.o(.text.bmi08_i2c_read)
    bmi08_i2c_write                          0x0800be49   Thumb Code     4  common.o(.text.bmi08_i2c_write)
    bmi08_interface_init                     0x0800be51   Thumb Code   180  common.o(.text.bmi08_interface_init)
    bmi08_spi_read                           0x0800bf09   Thumb Code   122  common.o(.text.bmi08_spi_read)
    bmi08_spi_write                          0x0800bf89   Thumb Code   116  common.o(.text.bmi08_spi_write)
    bmi08a_get_set_regs                      0x0800c001   Thumb Code   188  bmi08a.o(.text.bmi08a_get_set_regs)
    bmi08a_init                              0x0800c0c1   Thumb Code   156  bmi08a.o(.text.bmi08a_init)
    bmi08a_set_meas_conf                     0x0800c161   Thumb Code   268  bmi08a.o(.text.bmi08a_set_meas_conf)
    bmi08a_set_power_mode                    0x0800c271   Thumb Code   160  bmi08a.o(.text.bmi08a_set_power_mode)
    bmi08a_soft_reset                        0x0800c311   Thumb Code   164  bmi08a.o(.text.bmi08a_soft_reset)
    bmi08g_get_data                          0x0800c3b9   Thumb Code   124  bmi08g.o(.text.bmi08g_get_data)
    bmi08g_init                              0x0800c439   Thumb Code   114  bmi08g.o(.text.bmi08g_init)
    bmi08g_set_meas_conf                     0x0800c4b1   Thumb Code   412  bmi08g.o(.text.bmi08g_set_meas_conf)
    bmi08g_set_power_mode                    0x0800c651   Thumb Code   252  bmi08g.o(.text.bmi08g_set_power_mode)
    get_imu_data_point                       0x0800c751   Thumb Code    10  ins_task.o(.text.get_imu_data_point)
    get_remote_control_point                 0x0800c761   Thumb Code    10  remote_control.o(.text.get_remote_control_point)
    main                                     0x0800c771   Thumb Code   216  main.o(.text.main)
    osDelay                                  0x0800c849   Thumb Code    16  cmsis_os.o(.text.osDelay)
    osKernelStart                            0x0800c859   Thumb Code    10  cmsis_os.o(.text.osKernelStart)
    osThreadCreate                           0x0800c869   Thumb Code    94  cmsis_os.o(.text.osThreadCreate)
    pid_ctrl                                 0x0800c8c9   Thumb Code   400  aircraft_ctrl_task.o(.text.pid_ctrl)
    pvPortMalloc                             0x0800cc71   Thumb Code   454  heap_4.o(.text.pvPortMalloc)
    pxPortInitialiseStack                    0x0800ce39   Thumb Code    44  port.o(.text.pxPortInitialiseStack)
    uxListRemove                             0x0800ce69   Thumb Code    42  list.o(.text.uxListRemove)
    vApplicationGetIdleTaskMemory            0x0800ce99   Thumb Code    26  freertos.o(.text.vApplicationGetIdleTaskMemory)
    vListInitialise                          0x0800ceb9   Thumb Code    22  list.o(.text.vListInitialise)
    vListInitialiseItem                      0x0800ced1   Thumb Code     6  list.o(.text.vListInitialiseItem)
    vListInsert                              0x0800ced9   Thumb Code    58  list.o(.text.vListInsert)
    vListInsertEnd                           0x0800cf19   Thumb Code    28  list.o(.text.vListInsertEnd)
    vPortEnterCritical                       0x0800cf51   Thumb Code    74  port.o(.text.vPortEnterCritical)
    vPortExitCritical                        0x0800cfa1   Thumb Code    46  port.o(.text.vPortExitCritical)
    vPortFree                                0x0800cfd1   Thumb Code   210  heap_4.o(.text.vPortFree)
    vPortSetupTimerInterrupt                 0x0800d0a9   Thumb Code    52  port.o(.text.vPortSetupTimerInterrupt)
    vTaskDelay                               0x0800d0e1   Thumb Code   194  tasks.o(.text.vTaskDelay)
    vTaskStartScheduler                      0x0800d1a9   Thumb Code   120  tasks.o(.text.vTaskStartScheduler)
    vTaskSuspendAll                          0x0800d229   Thumb Code    16  tasks.o(.text.vTaskSuspendAll)
    vTaskSwitchContext                       0x0800d239   Thumb Code   134  tasks.o(.text.vTaskSwitchContext)
    xPortStartScheduler                      0x0800d2c1   Thumb Code   306  port.o(.text.xPortStartScheduler)
    xTaskCreate                              0x0800d3f9   Thumb Code   196  tasks.o(.text.xTaskCreate)
    xTaskCreateStatic                        0x0800d4c1   Thumb Code   224  tasks.o(.text.xTaskCreateStatic)
    xTaskIncrementTick                       0x0800d5a1   Thumb Code   384  tasks.o(.text.xTaskIncrementTick)
    xTaskResumeAll                           0x0800d721   Thumb Code   316  tasks.o(.text.xTaskResumeAll)
    yaw_PID_calc                             0x0800d861   Thumb Code   360  pid.o(.text.yaw_PID_calc)
    __ARM_fpclassifyf                        0x0800d9c9   Thumb Code    38  fpclassifyf.o(i.__ARM_fpclassifyf)
    __hardfp_asinf                           0x0800d9f1   Thumb Code   258  asinf.o(i.__hardfp_asinf)
    __hardfp_atan2f                          0x0800db1d   Thumb Code   594  atan2f.o(i.__hardfp_atan2f)
    __hardfp_cosf                            0x0800ddc9   Thumb Code   280  cosf.o(i.__hardfp_cosf)
    __hardfp_powf                            0x0800df19   Thumb Code  1606  powf.o(i.__hardfp_powf)
    __mathlib_powf                           0x0800df19   Thumb Code     0  powf.o(i.__hardfp_powf)
    __hardfp_sinf                            0x0800e57d   Thumb Code   344  sinf.o(i.__hardfp_sinf)
    __mathlib_flt_divzero                    0x0800e70d   Thumb Code    14  funder.o(i.__mathlib_flt_divzero)
    __mathlib_flt_infnan                     0x0800e721   Thumb Code     6  funder.o(i.__mathlib_flt_infnan)
    __mathlib_flt_infnan2                    0x0800e727   Thumb Code     6  funder.o(i.__mathlib_flt_infnan2)
    __mathlib_flt_invalid                    0x0800e72d   Thumb Code    10  funder.o(i.__mathlib_flt_invalid)
    __mathlib_flt_overflow                   0x0800e73d   Thumb Code    10  funder.o(i.__mathlib_flt_overflow)
    __mathlib_flt_underflow                  0x0800e74d   Thumb Code    10  funder.o(i.__mathlib_flt_underflow)
    __mathlib_rredf2                         0x0800e75d   Thumb Code   316  rredf.o(i.__mathlib_rredf2)
    sqrtf                                    0x0800e8b1   Thumb Code    62  sqrtf.o(i.sqrtf)
    _fp_init                                 0x0800e8ef   Thumb Code    26  fpinit.o(x$fpl$fpinit)
    __fplib_config_fpu_vfp                   0x0800e907   Thumb Code     0  fpinit.o(x$fpl$fpinit)
    __fplib_config_pureend_doubles           0x0800e907   Thumb Code     0  fpinit.o(x$fpl$fpinit)
    __I$use$fp                               0x0800e908   Number         0  usenofp.o(x$fpl$usenofp)
    D1CorePrescTable                         0x0800ea74   Data          16  system_stm32h7xx.o(.rodata.D1CorePrescTable)
    UARTPrescTable                           0x0800ea84   Data          24  stm32h7xx_hal_uart.o(.rodata.UARTPrescTable)
    bmi088_mm_config_file                    0x0800ea9c   Data        6144  bmi088_mma.o(.rodata.bmi088_mm_config_file)
    Region$$Table$$Base                      0x080102c8   Number         0  anon$$obj.o(Region$$Table)
    Region$$Table$$Limit                     0x080102e8   Number         0  anon$$obj.o(Region$$Table)
    PID_P                                    0x24000000   Data           4  aircraft_ctrl_task.o(.data.PID_P)
    PID_P1                                   0x24000004   Data          12  aircraft_ctrl_task.o(.data.PID_P1)
    PID_P2                                   0x24000010   Data          12  aircraft_ctrl_task.o(.data.PID_P2)
    PID_R                                    0x2400001c   Data          12  aircraft_ctrl_task.o(.data.PID_R)
    PID_Rate_Pitch                           0x24000028   Data          12  aircraft_ctrl_task.o(.data.PID_Rate_Pitch)
    PID_Rate_Roll                            0x24000034   Data          12  aircraft_ctrl_task.o(.data.PID_Rate_Roll)
    PID_Rate_Yaw                             0x24000040   Data          12  aircraft_ctrl_task.o(.data.PID_Rate_Yaw)
    Pitch_Angle_Kp                           0x2400004c   Data           4  aircraft_ctrl_task.o(.data.Pitch_Angle_Kp)
    Pitch_Rate_Kp                            0x24000050   Data           4  aircraft_ctrl_task.o(.data.Pitch_Rate_Kp)
    Roll_Angle_Kp                            0x24000054   Data           4  aircraft_ctrl_task.o(.data.Roll_Angle_Kp)
    Roll_Rate_Kp                             0x24000058   Data           4  aircraft_ctrl_task.o(.data.Roll_Rate_Kp)
    SystemCoreClock                          0x2400005c   Data           4  system_stm32h7xx.o(.data.SystemCoreClock)
    SystemD2Clock                            0x24000060   Data           4  system_stm32h7xx.o(.data.SystemD2Clock)
    YAW_Kp                                   0x24000064   Data           4  aircraft_ctrl_task.o(.data.YAW_Kp)
    beta                                     0x24000068   Data           4  ins_task.o(.data.beta)
    q0                                       0x2400006c   Data           4  ins_task.o(.data.q0)
    q_accel_1                                0x24000070   Data           4  ekf.o(.data.q_accel_1)
    q_bias_1                                 0x24000074   Data           4  ekf.o(.data.q_bias_1)
    r_baro_1                                 0x24000078   Data           4  ekf.o(.data.r_baro_1)
    test2                                    0x2400007c   Data           4  ins_task.o(.data.test2)
    test_flag                                0x24000080   Data           4  main.o(.data.test_flag)
    uwTickFreq                               0x24000084   Data           1  stm32h7xx_hal.o(.data.uwTickFreq)
    uwTickPrio                               0x24000088   Data           4  stm32h7xx_hal.o(.data.uwTickPrio)
    __libspace_start                         0x240000a0   Data          96  libspace.o(.bss)
    INS_G0                                   0x24000100   Data           4  aircraft_ctrl_task.o(.bss.INS_G0)
    __temporary_stack_top$libspace           0x24000100   Data           0  libspace.o(.bss)
    INS_G1                                   0x24000104   Data           4  aircraft_ctrl_task.o(.bss.INS_G1)
    INS_G2                                   0x24000108   Data           4  aircraft_ctrl_task.o(.bss.INS_G2)
    PID_control_pitch                        0x2400012c   Data          80  aircraft_ctrl_task.o(.bss.PID_control_pitch)
    PID_control_roll                         0x2400017c   Data          80  aircraft_ctrl_task.o(.bss.PID_control_roll)
    PID_control_yaw                          0x240001cc   Data          80  aircraft_ctrl_task.o(.bss.PID_control_yaw)
    PID_rate_pitch                           0x2400021c   Data          80  aircraft_ctrl_task.o(.bss.PID_rate_pitch)
    PID_rate_roll                            0x2400026c   Data          80  aircraft_ctrl_task.o(.bss.PID_rate_roll)
    PID_rate_yaw                             0x240002bc   Data          80  aircraft_ctrl_task.o(.bss.PID_rate_yaw)
    PITCH                                    0x2400030c   Data           4  aircraft_ctrl_task.o(.bss.PITCH)
    Pitch_Rate_Set                           0x24000310   Data           4  aircraft_ctrl_task.o(.bss.Pitch_Rate_Set)
    ROLL                                     0x24000314   Data           4  aircraft_ctrl_task.o(.bss.ROLL)
    Roll_Rate_Set                            0x24000318   Data           4  aircraft_ctrl_task.o(.bss.Roll_Rate_Set)
    YAW                                      0x2400031c   Data           4  aircraft_ctrl_task.o(.bss.YAW)
    YAW_angle_Set                            0x24000320   Data           4  aircraft_ctrl_task.o(.bss.YAW_angle_Set)
    Yaw_Rate_Set                             0x24000324   Data           4  aircraft_ctrl_task.o(.bss.Yaw_Rate_Set)
    a_z_earth_G                              0x24000328   Data           4  ins_task.o(.bss.a_z_earth_G)
    acc_dev_add                              0x2400032c   Data           1  common.o(.bss.acc_dev_add)
    acc_z_earth_mps2                         0x24000330   Data           4  ins_task.o(.bss.acc_z_earth_mps2)
    accel_filter                             0x24000334   Data         108  ins_task.o(.bss.accel_filter)
    aircraft_control                         0x240003a0   Data          12  aircraft_ctrl_task.o(.bss.aircraft_control)
    alt_ekf                                  0x240003ac   Data          60  ins_task.o(.bss.alt_ekf)
    bmi08                                    0x240003ec   Data          56  ins_task.o(.bss.bmi08)
    bmi08_accel                              0x24000424   Data           6  ins_task.o(.bss.bmi08_accel)
    bmi08_gyro                               0x2400042a   Data           6  ins_task.o(.bss.bmi08_gyro)
    chip_id                                  0x24000430   Data           1  qmc6310.o(.bss.chip_id)
    defaultTaskHandle                        0x24000434   Data           4  freertos.o(.bss.defaultTaskHandle)
    ekf_initialized                          0x24000438   Data           1  ins_task.o(.bss.ekf_initialized)
    elrs_data                                0x2400043c   Data          76  remote_control.o(.bss.elrs_data)
    elrs_data_temp                           0x24000488   Data          36  remote_control.o(.bss.elrs_data_temp)
    error_id                                 0x240004ac   Data           4  main.o(.bss.error_id)
    fac_us                                   0x240004b0   Data           4  common.o(.bss.fac_us)
    fly_ctrlTaskHandle                       0x240004b8   Data           4  freertos.o(.bss.fly_ctrlTaskHandle)
    g_pitch                                  0x240004bc   Data           4  ins_task.o(.bss.g_pitch)
    g_roll                                   0x240004c0   Data           4  ins_task.o(.bss.g_roll)
    gyro_dev_add                             0x240004c4   Data           1  common.o(.bss.gyro_dev_add)
    gyro_filter                              0x240004c8   Data         108  ins_task.o(.bss.gyro_filter)
    hdma_i2c2_rx                             0x24000534   Data         120  i2c.o(.bss.hdma_i2c2_rx)
    hdma_i2c2_tx                             0x240005ac   Data         120  i2c.o(.bss.hdma_i2c2_tx)
    hdma_usart3_rx                           0x24000624   Data         120  usart.o(.bss.hdma_usart3_rx)
    hdma_usart3_tx                           0x2400069c   Data         120  usart.o(.bss.hdma_usart3_tx)
    hi2c2                                    0x24000714   Data          84  i2c.o(.bss.hi2c2)
    hspi1                                    0x24000768   Data         136  spi.o(.bss.hspi1)
    htim2                                    0x240007f0   Data          76  stm32h7xx_hal_timebase_tim.o(.bss.htim2)
    htim3                                    0x2400083c   Data          76  tim.o(.bss.htim3)
    htim5                                    0x24000888   Data          76  tim.o(.bss.htim5)
    huart3                                   0x240008d4   Data         148  usart.o(.bss.huart3)
    imuTaskHandle                            0x24000968   Data           4  freertos.o(.bss.imuTaskHandle)
    imu_data                                 0x2400096c   Data         144  ins_task.o(.bss.imu_data)
    last_ekf_time                            0x240009fc   Data           4  ins_task.o(.bss.last_ekf_time)
    pitch1_angle                             0x24000a00   Data           4  aircraft_ctrl_task.o(.bss.pitch1_angle)
    pitch1_bias                              0x24000a04   Data           4  aircraft_ctrl_task.o(.bss.pitch1_bias)
    pxCurrentTCB                             0x24000a08   Data           4  tasks.o(.bss.pxCurrentTCB)
    q1                                       0x24000aa4   Data           4  ins_task.o(.bss.q1)
    q2                                       0x24000aa8   Data           4  ins_task.o(.bss.q2)
    q3                                       0x24000aac   Data           4  ins_task.o(.bss.q3)
    roll_angle                               0x24000ab0   Data           4  aircraft_ctrl_task.o(.bss.roll_angle)
    roll_bias                                0x24000ab4   Data           4  aircraft_ctrl_task.o(.bss.roll_bias)
    rslt                                     0x24000ab8   Data           1  ins_task.o(.bss.rslt)
    servo_value                              0x24000abc   Data           4  aircraft_ctrl_task.o(.bss.servo_value)
    simple_yaw                               0x24000ac0   Data           4  ins_task.o(.bss.simple_yaw)
    spl06_inst                               0x24000ae0   Data         128  ins_task.o(.bss.spl06_inst)
    uwTick                                   0x24004768   Data           4  stm32h7xx_hal.o(.bss.uwTick)
    yaw_angle                                0x24004a70   Data           4  aircraft_ctrl_task.o(.bss.yaw_angle)
    yaw_bias                                 0x24004a74   Data           4  aircraft_ctrl_task.o(.bss.yaw_bias)



==============================================================================

Memory Map of the image

  Image Entry point : 0x08000299

  Load Region LR_IROM1 (Base: 0x08000000, Size: 0x000103a0, Max: 0x00200000, ABSOLUTE)

    Execution Region ER_IROM1 (Exec base: 0x08000000, Load base: 0x08000000, Size: 0x000102e8, Max: 0x00200000, ABSOLUTE)

    Exec Addr    Load Addr    Size         Type   Attr      Idx    E Section Name        Object

    0x08000000   0x08000000   0x00000298   Data   RO            3    RESET               startup_stm32h743xx.o
    0x08000298   0x08000298   0x00000008   Code   RO         2631  * !!!main             c_w.l(__main.o)
    0x080002a0   0x080002a0   0x00000034   Code   RO         2935    !!!scatter          c_w.l(__scatter.o)
    0x080002d4   0x080002d4   0x0000001a   Code   RO         2937    !!handler_copy      c_w.l(__scatter_copy.o)
    0x080002ee   0x080002ee   0x00000002   PAD
    0x080002f0   0x080002f0   0x0000001c   Code   RO         2939    !!handler_zi        c_w.l(__scatter_zi.o)
    0x0800030c   0x0800030c   0x00000002   Code   RO         2800    .ARM.Collect$$libinit$$00000000  c_w.l(libinit.o)
    0x0800030e   0x0800030e   0x00000004   Code   RO         2809    .ARM.Collect$$libinit$$00000001  c_w.l(libinit2.o)
    0x08000312   0x08000312   0x00000000   Code   RO         2812    .ARM.Collect$$libinit$$00000004  c_w.l(libinit2.o)
    0x08000312   0x08000312   0x00000000   Code   RO         2814    .ARM.Collect$$libinit$$00000006  c_w.l(libinit2.o)
    0x08000312   0x08000312   0x00000000   Code   RO         2817    .ARM.Collect$$libinit$$0000000C  c_w.l(libinit2.o)
    0x08000312   0x08000312   0x00000000   Code   RO         2819    .ARM.Collect$$libinit$$0000000E  c_w.l(libinit2.o)
    0x08000312   0x08000312   0x00000000   Code   RO         2821    .ARM.Collect$$libinit$$00000010  c_w.l(libinit2.o)
    0x08000312   0x08000312   0x00000000   Code   RO         2824    .ARM.Collect$$libinit$$00000013  c_w.l(libinit2.o)
    0x08000312   0x08000312   0x00000000   Code   RO         2826    .ARM.Collect$$libinit$$00000015  c_w.l(libinit2.o)
    0x08000312   0x08000312   0x00000000   Code   RO         2828    .ARM.Collect$$libinit$$00000017  c_w.l(libinit2.o)
    0x08000312   0x08000312   0x00000000   Code   RO         2830    .ARM.Collect$$libinit$$00000019  c_w.l(libinit2.o)
    0x08000312   0x08000312   0x00000000   Code   RO         2832    .ARM.Collect$$libinit$$0000001B  c_w.l(libinit2.o)
    0x08000312   0x08000312   0x00000000   Code   RO         2834    .ARM.Collect$$libinit$$0000001D  c_w.l(libinit2.o)
    0x08000312   0x08000312   0x00000000   Code   RO         2836    .ARM.Collect$$libinit$$0000001F  c_w.l(libinit2.o)
    0x08000312   0x08000312   0x00000000   Code   RO         2838    .ARM.Collect$$libinit$$00000021  c_w.l(libinit2.o)
    0x08000312   0x08000312   0x00000000   Code   RO         2840    .ARM.Collect$$libinit$$00000023  c_w.l(libinit2.o)
    0x08000312   0x08000312   0x00000000   Code   RO         2842    .ARM.Collect$$libinit$$00000025  c_w.l(libinit2.o)
    0x08000312   0x08000312   0x00000000   Code   RO         2844    .ARM.Collect$$libinit$$00000027  c_w.l(libinit2.o)
    0x08000312   0x08000312   0x00000000   Code   RO         2848    .ARM.Collect$$libinit$$0000002E  c_w.l(libinit2.o)
    0x08000312   0x08000312   0x00000000   Code   RO         2850    .ARM.Collect$$libinit$$00000030  c_w.l(libinit2.o)
    0x08000312   0x08000312   0x00000000   Code   RO         2852    .ARM.Collect$$libinit$$00000032  c_w.l(libinit2.o)
    0x08000312   0x08000312   0x00000000   Code   RO         2854    .ARM.Collect$$libinit$$00000034  c_w.l(libinit2.o)
    0x08000312   0x08000312   0x00000002   Code   RO         2855    .ARM.Collect$$libinit$$00000035  c_w.l(libinit2.o)
    0x08000314   0x08000314   0x00000002   Code   RO         2890    .ARM.Collect$$libshutdown$$00000000  c_w.l(libshutdown.o)
    0x08000316   0x08000316   0x00000000   Code   RO         2918    .ARM.Collect$$libshutdown$$00000002  c_w.l(libshutdown2.o)
    0x08000316   0x08000316   0x00000000   Code   RO         2920    .ARM.Collect$$libshutdown$$00000004  c_w.l(libshutdown2.o)
    0x08000316   0x08000316   0x00000000   Code   RO         2923    .ARM.Collect$$libshutdown$$00000007  c_w.l(libshutdown2.o)
    0x08000316   0x08000316   0x00000000   Code   RO         2926    .ARM.Collect$$libshutdown$$0000000A  c_w.l(libshutdown2.o)
    0x08000316   0x08000316   0x00000000   Code   RO         2928    .ARM.Collect$$libshutdown$$0000000C  c_w.l(libshutdown2.o)
    0x08000316   0x08000316   0x00000000   Code   RO         2931    .ARM.Collect$$libshutdown$$0000000F  c_w.l(libshutdown2.o)
    0x08000316   0x08000316   0x00000002   Code   RO         2932    .ARM.Collect$$libshutdown$$00000010  c_w.l(libshutdown2.o)
    0x08000318   0x08000318   0x00000000   Code   RO         2694    .ARM.Collect$$rtentry$$00000000  c_w.l(__rtentry.o)
    0x08000318   0x08000318   0x00000000   Code   RO         2753    .ARM.Collect$$rtentry$$00000002  c_w.l(__rtentry2.o)
    0x08000318   0x08000318   0x00000006   Code   RO         2765    .ARM.Collect$$rtentry$$00000004  c_w.l(__rtentry4.o)
    0x0800031e   0x0800031e   0x00000000   Code   RO         2755    .ARM.Collect$$rtentry$$00000009  c_w.l(__rtentry2.o)
    0x0800031e   0x0800031e   0x00000004   Code   RO         2756    .ARM.Collect$$rtentry$$0000000A  c_w.l(__rtentry2.o)
    0x08000322   0x08000322   0x00000000   Code   RO         2758    .ARM.Collect$$rtentry$$0000000C  c_w.l(__rtentry2.o)
    0x08000322   0x08000322   0x00000008   Code   RO         2759    .ARM.Collect$$rtentry$$0000000D  c_w.l(__rtentry2.o)
    0x0800032a   0x0800032a   0x00000002   Code   RO         2801    .ARM.Collect$$rtexit$$00000000  c_w.l(rtexit.o)
    0x0800032c   0x0800032c   0x00000000   Code   RO         2861    .ARM.Collect$$rtexit$$00000002  c_w.l(rtexit2.o)
    0x0800032c   0x0800032c   0x00000004   Code   RO         2862    .ARM.Collect$$rtexit$$00000003  c_w.l(rtexit2.o)
    0x08000330   0x08000330   0x00000006   Code   RO         2863    .ARM.Collect$$rtexit$$00000004  c_w.l(rtexit2.o)
    0x08000336   0x08000336   0x00000002   PAD
    0x08000338   0x08000338   0x00000048   Code   RO            4    .text               startup_stm32h743xx.o
    0x08000380   0x08000380   0x000000f0   Code   RO         2621    .text               c_w.l(lludivv7m.o)
    0x08000470   0x08000470   0x0000004e   Code   RO         2627    .text               c_w.l(rt_memclr_w.o)
    0x080004be   0x080004be   0x00000006   Code   RO         2629    .text               c_w.l(heapauxi.o)
    0x080004c4   0x080004c4   0x00000016   Code   RO         2699    .text               c_w.l(_rserrno.o)
    0x080004da   0x080004da   0x00000002   PAD
    0x080004dc   0x080004dc   0x00000008   Code   RO         2772    .text               c_w.l(rt_errno_addr_intlibspace.o)
    0x080004e4   0x080004e4   0x00000008   Code   RO         2784    .text               c_w.l(libspace.o)
    0x080004ec   0x080004ec   0x0000004a   Code   RO         2787    .text               c_w.l(sys_stackheap_outer.o)
    0x08000536   0x08000536   0x00000012   Code   RO         2789    .text               c_w.l(exit.o)
    0x08000548   0x08000548   0x0000000c   Code   RO         2856    .text               c_w.l(sys_exit.o)
    0x08000554   0x08000554   0x00000002   Code   RO         2879    .text               c_w.l(use_no_semi.o)
    0x08000556   0x08000556   0x00000000   Code   RO         2881    .text               c_w.l(indicate_semi.o)
    0x08000556   0x08000556   0x00000002   PAD
    0x08000558   0x08000558   0x000001b0   Code   RO         2369    .text.Aircraft_ctrl_task  aircraft_ctrl_task.o
    0x08000708   0x08000708   0x0000004e   Code   RO         2610    .text.BiquadFilter_Apply  biquad_filter.o
    0x08000756   0x08000756   0x00000002   PAD
    0x08000758   0x08000758   0x000000b4   Code   RO         2608    .text.BiquadFilter_Setup  biquad_filter.o
    0x0800080c   0x0800080c   0x00000004   PAD
    0x08000810   0x08000810   0x00000002   Code   RO          152    .text.BusFault_Handler  stm32h7xx_it.o
    0x08000812   0x08000812   0x00000006   PAD
    0x08000818   0x08000818   0x0000000c   Code   RO          158    .text.DMA1_Stream0_IRQHandler  stm32h7xx_it.o
    0x08000824   0x08000824   0x00000004   PAD
    0x08000828   0x08000828   0x0000000c   Code   RO          160    .text.DMA1_Stream1_IRQHandler  stm32h7xx_it.o
    0x08000834   0x08000834   0x00000004   PAD
    0x08000838   0x08000838   0x0000000c   Code   RO          162    .text.DMA1_Stream5_IRQHandler  stm32h7xx_it.o
    0x08000844   0x08000844   0x00000004   PAD
    0x08000848   0x08000848   0x0000000c   Code   RO          164    .text.DMA1_Stream6_IRQHandler  stm32h7xx_it.o
    0x08000854   0x08000854   0x00000004   PAD
    0x08000858   0x08000858   0x00000118   Code   RO          807    .text.DMA_CalcBaseAndBitshift  stm32h7xx_hal_dma.o
    0x08000970   0x08000970   0x000002fe   Code   RO          813    .text.DMA_SetConfig  stm32h7xx_hal_dma.o
    0x08000c6e   0x08000c6e   0x00000002   PAD
    0x08000c70   0x08000c70   0x00000002   Code   RO          156    .text.DebugMon_Handler  stm32h7xx_it.o
    0x08000c72   0x08000c72   0x00000006   PAD
    0x08000c78   0x08000c78   0x00000046   Code   RO         2589    .text.EKF_Init      ekf.o
    0x08000cbe   0x08000cbe   0x00000002   PAD
    0x08000cc0   0x08000cc0   0x00000152   Code   RO         2591    .text.EKF_Predict   ekf.o
    0x08000e12   0x08000e12   0x00000006   PAD
    0x08000e18   0x08000e18   0x000000c8   Code   RO         2593    .text.EKF_Update    ekf.o
    0x08000ee0   0x08000ee0   0x0000010c   Code   RO         2502    .text.ELRS_Init     remote_control.o
    0x08000fec   0x08000fec   0x00000004   PAD
    0x08000ff0   0x08000ff0   0x000004e0   Code   RO         2506    .text.ELRS_UARTE_RxCallback  remote_control.o
    0x080014d0   0x080014d0   0x0000000a   Code   RO           15    .text.Error_Handler  main.o
    0x080014da   0x080014da   0x00000006   PAD
    0x080014e0   0x080014e0   0x0000001a   Code   RO         1656    .text.ExitRun0Mode  system_stm32h7xx.o
    0x080014fa   0x080014fa   0x00000006   PAD
    0x08001500   0x08001500   0x000004ec   Code   RO          817    .text.HAL_DMA_Abort  stm32h7xx_hal_dma.o
    0x080019ec   0x080019ec   0x00000004   PAD
    0x080019f0   0x080019f0   0x0000029c   Code   RO          819    .text.HAL_DMA_Abort_IT  stm32h7xx_hal_dma.o
    0x08001c8c   0x08001c8c   0x00000004   PAD
    0x08001c90   0x08001c90   0x00000006   Code   RO          829    .text.HAL_DMA_GetState  stm32h7xx_hal_dma.o
    0x08001c96   0x08001c96   0x00000002   PAD
    0x08001c98   0x08001c98   0x00000a98   Code   RO          823    .text.HAL_DMA_IRQHandler  stm32h7xx_hal_dma.o
    0x08002730   0x08002730   0x0000061e   Code   RO          805    .text.HAL_DMA_Init  stm32h7xx_hal_dma.o
    0x08002d4e   0x08002d4e   0x00000002   PAD
    0x08002d50   0x08002d50   0x0000037e   Code   RO          815    .text.HAL_DMA_Start_IT  stm32h7xx_hal_dma.o
    0x080030ce   0x080030ce   0x00000002   PAD
    0x080030d0   0x080030d0   0x00000028   Code   RO         1063    .text.HAL_Delay     stm32h7xx_hal.o
    0x080030f8   0x080030f8   0x0000000c   Code   RO         1860    .text.HAL_Delay_us_init  common.o
    0x08003104   0x08003104   0x00000004   PAD
    0x08003108   0x08003108   0x0000019e   Code   RO          751    .text.HAL_GPIO_Init  stm32h7xx_hal_gpio.o
    0x080032a6   0x080032a6   0x00000002   PAD
    0x080032a8   0x080032a8   0x0000000a   Code   RO          757    .text.HAL_GPIO_WritePin  stm32h7xx_hal_gpio.o
    0x080032b2   0x080032b2   0x00000006   PAD
    0x080032b8   0x080032b8   0x0000000e   Code   RO         1071    .text.HAL_GetREVID  stm32h7xx_hal.o
    0x080032c6   0x080032c6   0x00000002   PAD
    0x080032c8   0x080032c8   0x0000000c   Code   RO         1055    .text.HAL_GetTick   stm32h7xx_hal.o
    0x080032d4   0x080032d4   0x00000004   PAD
    0x080032d8   0x080032d8   0x0000004a   Code   RO         1304    .text.HAL_I2CEx_ConfigAnalogFilter  stm32h7xx_hal_i2c_ex.o
    0x08003322   0x08003322   0x00000006   PAD
    0x08003328   0x08003328   0x00000048   Code   RO         1306    .text.HAL_I2CEx_ConfigDigitalFilter  stm32h7xx_hal_i2c_ex.o
    0x08003370   0x08003370   0x00000002   Code   RO         1274    .text.HAL_I2C_AbortCpltCallback  stm32h7xx_hal_i2c.o
    0x08003372   0x08003372   0x00000006   PAD
    0x08003378   0x08003378   0x00000002   Code   RO         1264    .text.HAL_I2C_AddrCallback  stm32h7xx_hal_i2c.o
    0x0800337a   0x0800337a   0x00000006   PAD
    0x08003380   0x08003380   0x00000060   Code   RO         1252    .text.HAL_I2C_ER_IRQHandler  stm32h7xx_hal_i2c.o
    0x080033e0   0x080033e0   0x00000010   Code   RO         1250    .text.HAL_I2C_EV_IRQHandler  stm32h7xx_hal_i2c.o
    0x080033f0   0x080033f0   0x00000002   Code   RO         1272    .text.HAL_I2C_ErrorCallback  stm32h7xx_hal_i2c.o
    0x080033f2   0x080033f2   0x00000006   PAD
    0x080033f8   0x080033f8   0x000000a6   Code   RO         1150    .text.HAL_I2C_Init  stm32h7xx_hal_i2c.o
    0x0800349e   0x0800349e   0x00000002   PAD
    0x080034a0   0x080034a0   0x00000002   Code   RO         1266    .text.HAL_I2C_ListenCpltCallback  stm32h7xx_hal_i2c.o
    0x080034a2   0x080034a2   0x00000006   PAD
    0x080034a8   0x080034a8   0x00000002   Code   RO         1258    .text.HAL_I2C_MasterRxCpltCallback  stm32h7xx_hal_i2c.o
    0x080034aa   0x080034aa   0x00000006   PAD
    0x080034b0   0x080034b0   0x00000002   Code   RO         1256    .text.HAL_I2C_MasterTxCpltCallback  stm32h7xx_hal_i2c.o
    0x080034b2   0x080034b2   0x00000006   PAD
    0x080034b8   0x080034b8   0x00000002   Code   RO          174    .text.HAL_I2C_MemRxCpltCallback  stm32h7xx_it.o
    0x080034ba   0x080034ba   0x00000006   PAD
    0x080034c0   0x080034c0   0x00000002   Code   RO         1268    .text.HAL_I2C_MemTxCpltCallback  stm32h7xx_hal_i2c.o
    0x080034c2   0x080034c2   0x00000006   PAD
    0x080034c8   0x080034c8   0x00000324   Code   RO         1210    .text.HAL_I2C_Mem_Read  stm32h7xx_hal_i2c.o
    0x080037ec   0x080037ec   0x00000004   PAD
    0x080037f0   0x080037f0   0x000000be   Code   RO         1216    .text.HAL_I2C_Mem_Read_IT  stm32h7xx_hal_i2c.o
    0x080038ae   0x080038ae   0x00000002   PAD
    0x080038b0   0x080038b0   0x00000324   Code   RO         1208    .text.HAL_I2C_Mem_Write  stm32h7xx_hal_i2c.o
    0x08003bd4   0x08003bd4   0x00000004   PAD
    0x08003bd8   0x08003bd8   0x00000132   Code   RO           77    .text.HAL_I2C_MspInit  i2c.o
    0x08003d0a   0x08003d0a   0x00000006   PAD
    0x08003d10   0x08003d10   0x00000002   Code   RO         1262    .text.HAL_I2C_SlaveRxCpltCallback  stm32h7xx_hal_i2c.o
    0x08003d12   0x08003d12   0x00000006   PAD
    0x08003d18   0x08003d18   0x00000002   Code   RO         1260    .text.HAL_I2C_SlaveTxCpltCallback  stm32h7xx_hal_i2c.o
    0x08003d1a   0x08003d1a   0x00000006   PAD
    0x08003d20   0x08003d20   0x0000001a   Code   RO         1053    .text.HAL_IncTick   stm32h7xx_hal.o
    0x08003d3a   0x08003d3a   0x00000006   PAD
    0x08003d40   0x08003d40   0x00000064   Code   RO         1043    .text.HAL_Init      stm32h7xx_hal.o
    0x08003da4   0x08003da4   0x00000004   PAD
    0x08003da8   0x08003da8   0x000000a0   Code   RO          192    .text.HAL_InitTick  stm32h7xx_hal_timebase_tim.o
    0x08003e48   0x08003e48   0x0000005e   Code   RO          556    .text.HAL_MPU_ConfigRegion  stm32h7xx_hal_cortex.o
    0x08003ea6   0x08003ea6   0x00000002   PAD
    0x08003ea8   0x08003ea8   0x0000001a   Code   RO          548    .text.HAL_MPU_Disable  stm32h7xx_hal_cortex.o
    0x08003ec2   0x08003ec2   0x00000006   PAD
    0x08003ec8   0x08003ec8   0x00000020   Code   RO          550    .text.HAL_MPU_Enable  stm32h7xx_hal_cortex.o
    0x08003ee8   0x08003ee8   0x0000002a   Code   RO          183    .text.HAL_MspInit   stm32h7xx_hal_msp.o
    0x08003f12   0x08003f12   0x00000006   PAD
    0x08003f18   0x08003f18   0x00000020   Code   RO          538    .text.HAL_NVIC_EnableIRQ  stm32h7xx_hal_cortex.o
    0x08003f38   0x08003f38   0x0000005a   Code   RO          536    .text.HAL_NVIC_SetPriority  stm32h7xx_hal_cortex.o
    0x08003f92   0x08003f92   0x00000006   PAD
    0x08003f98   0x08003f98   0x00000020   Code   RO          534    .text.HAL_NVIC_SetPriorityGrouping  stm32h7xx_hal_cortex.o
    0x08003fb8   0x08003fb8   0x00000048   Code   RO          955    .text.HAL_PWREx_ConfigSupply  stm32h7xx_hal_pwr_ex.o
    0x08004000   0x08004000   0x00000026   Code   RO          638    .text.HAL_RCCEx_GetD3PCLK1Freq  stm32h7xx_hal_rcc_ex.o
    0x08004026   0x08004026   0x00000002   PAD
    0x08004028   0x08004028   0x00000128   Code   RO          634    .text.HAL_RCCEx_GetPLL2ClockFreq  stm32h7xx_hal_rcc_ex.o
    0x08004150   0x08004150   0x00000128   Code   RO          636    .text.HAL_RCCEx_GetPLL3ClockFreq  stm32h7xx_hal_rcc_ex.o
    0x08004278   0x08004278   0x00000a0c   Code   RO          622    .text.HAL_RCCEx_PeriphCLKConfig  stm32h7xx_hal_rcc_ex.o
    0x08004c84   0x08004c84   0x00000004   PAD
    0x08004c88   0x08004c88   0x00000258   Code   RO          590    .text.HAL_RCC_ClockConfig  stm32h7xx_hal_rcc.o
    0x08004ee0   0x08004ee0   0x00000058   Code   RO          608    .text.HAL_RCC_GetClockConfig  stm32h7xx_hal_rcc.o
    0x08004f38   0x08004f38   0x0000004c   Code   RO          600    .text.HAL_RCC_GetHCLKFreq  stm32h7xx_hal_rcc.o
    0x08004f84   0x08004f84   0x00000004   PAD
    0x08004f88   0x08004f88   0x00000060   Code   RO          602    .text.HAL_RCC_GetPCLK1Freq  stm32h7xx_hal_rcc.o
    0x08004fe8   0x08004fe8   0x00000060   Code   RO          604    .text.HAL_RCC_GetPCLK2Freq  stm32h7xx_hal_rcc.o
    0x08005048   0x08005048   0x0000010c   Code   RO          592    .text.HAL_RCC_GetSysClockFreq  stm32h7xx_hal_rcc.o
    0x08005154   0x08005154   0x00000004   PAD
    0x08005158   0x08005158   0x00000686   Code   RO          588    .text.HAL_RCC_OscConfig  stm32h7xx_hal_rcc.o
    0x080057de   0x080057de   0x00000002   PAD
    0x080057e0   0x080057e0   0x000001a2   Code   RO         1350    .text.HAL_SPI_Init  stm32h7xx_hal_spi.o
    0x08005982   0x08005982   0x00000006   PAD
    0x08005988   0x08005988   0x000000cc   Code   RO           94    .text.HAL_SPI_MspInit  spi.o
    0x08005a54   0x08005a54   0x00000004   PAD
    0x08005a58   0x08005a58   0x000003de   Code   RO         1364    .text.HAL_SPI_TransmitReceive  stm32h7xx_hal_spi.o
    0x08005e36   0x08005e36   0x00000002   PAD
    0x08005e38   0x08005e38   0x00000002   Code   RO          520    .text.HAL_TIMEx_Break2Callback  stm32h7xx_hal_tim_ex.o
    0x08005e3a   0x08005e3a   0x00000006   PAD
    0x08005e40   0x08005e40   0x00000002   Code   RO          518    .text.HAL_TIMEx_BreakCallback  stm32h7xx_hal_tim_ex.o
    0x08005e42   0x08005e42   0x00000006   PAD
    0x08005e48   0x08005e48   0x00000002   Code   RO          514    .text.HAL_TIMEx_CommutCallback  stm32h7xx_hal_tim_ex.o
    0x08005e4a   0x08005e4a   0x00000006   PAD
    0x08005e50   0x08005e50   0x000000cc   Code   RO          502    .text.HAL_TIMEx_MasterConfigSynchronization  stm32h7xx_hal_tim_ex.o
    0x08005f1c   0x08005f1c   0x00000004   PAD
    0x08005f20   0x08005f20   0x00000060   Code   RO          207    .text.HAL_TIM_Base_Init  stm32h7xx_hal_tim.o
    0x08005f80   0x08005f80   0x00000002   Code   RO          209    .text.HAL_TIM_Base_MspInit  stm32h7xx_hal_tim.o
    0x08005f82   0x08005f82   0x00000006   PAD
    0x08005f88   0x08005f88   0x000000b2   Code   RO          221    .text.HAL_TIM_Base_Start_IT  stm32h7xx_hal_tim.o
    0x0800603a   0x0800603a   0x00000006   PAD
    0x08006040   0x08006040   0x00000002   Code   RO          343    .text.HAL_TIM_IC_CaptureCallback  stm32h7xx_hal_tim.o
    0x08006042   0x08006042   0x00000006   PAD
    0x08006048   0x08006048   0x00000166   Code   RO          341    .text.HAL_TIM_IRQHandler  stm32h7xx_hal_tim.o
    0x080061ae   0x080061ae   0x00000002   PAD
    0x080061b0   0x080061b0   0x00000002   Code   RO          345    .text.HAL_TIM_OC_DelayElapsedCallback  stm32h7xx_hal_tim.o
    0x080061b2   0x080061b2   0x00000006   PAD
    0x080061b8   0x080061b8   0x000004a4   Code   RO          361    .text.HAL_TIM_PWM_ConfigChannel  stm32h7xx_hal_tim.o
    0x0800665c   0x0800665c   0x00000004   PAD
    0x08006660   0x08006660   0x00000060   Code   RO          261    .text.HAL_TIM_PWM_Init  stm32h7xx_hal_tim.o
    0x080066c0   0x080066c0   0x00000058   Code   RO          115    .text.HAL_TIM_PWM_MspInit  tim.o
    0x08006718   0x08006718   0x00000002   Code   RO          347    .text.HAL_TIM_PWM_PulseFinishedCallback  stm32h7xx_hal_tim.o
    0x0800671a   0x0800671a   0x00000006   PAD
    0x08006720   0x08006720   0x000001b4   Code   RO          269    .text.HAL_TIM_PWM_Start  stm32h7xx_hal_tim.o
    0x080068d4   0x080068d4   0x00000004   PAD
    0x080068d8   0x080068d8   0x0000000e   Code   RO           17    .text.HAL_TIM_PeriodElapsedCallback  main.o
    0x080068e6   0x080068e6   0x00000002   PAD
    0x080068e8   0x080068e8   0x00000002   Code   RO          351    .text.HAL_TIM_TriggerCallback  stm32h7xx_hal_tim.o
    0x080068ea   0x080068ea   0x00000006   PAD
    0x080068f0   0x080068f0   0x00000036   Code   RO         1629    .text.HAL_UARTEx_DisableFifoMode  stm32h7xx_hal_uart_ex.o
    0x08006926   0x08006926   0x00000002   PAD
    0x08006928   0x08006928   0x00000056   Code   RO         1639    .text.HAL_UARTEx_ReceiveToIdle_DMA  stm32h7xx_hal_uart_ex.o
    0x0800697e   0x0800697e   0x00000002   PAD
    0x08006980   0x08006980   0x00000014   Code   RO         2508    .text.HAL_UARTEx_RxEventCallback  remote_control.o
    0x08006994   0x08006994   0x00000004   PAD
    0x08006998   0x08006998   0x00000002   Code   RO         1615    .text.HAL_UARTEx_RxFifoFullCallback  stm32h7xx_hal_uart_ex.o
    0x0800699a   0x0800699a   0x00000006   PAD
    0x080069a0   0x080069a0   0x00000092   Code   RO         1633    .text.HAL_UARTEx_SetRxFifoThreshold  stm32h7xx_hal_uart_ex.o
    0x08006a32   0x08006a32   0x00000006   PAD
    0x08006a38   0x08006a38   0x00000092   Code   RO         1631    .text.HAL_UARTEx_SetTxFifoThreshold  stm32h7xx_hal_uart_ex.o
    0x08006aca   0x08006aca   0x00000006   PAD
    0x08006ad0   0x08006ad0   0x00000002   Code   RO         1617    .text.HAL_UARTEx_TxFifoEmptyCallback  stm32h7xx_hal_uart_ex.o
    0x08006ad2   0x08006ad2   0x00000006   PAD
    0x08006ad8   0x08006ad8   0x00000002   Code   RO         1613    .text.HAL_UARTEx_WakeupCallback  stm32h7xx_hal_uart_ex.o
    0x08006ada   0x08006ada   0x00000006   PAD
    0x08006ae0   0x08006ae0   0x00000002   Code   RO         1554    .text.HAL_UART_ErrorCallback  stm32h7xx_hal_uart.o
    0x08006ae2   0x08006ae2   0x00000006   PAD
    0x08006ae8   0x08006ae8   0x00000482   Code   RO         1550    .text.HAL_UART_IRQHandler  stm32h7xx_hal_uart.o
    0x08006f6a   0x08006f6a   0x00000006   PAD
    0x08006f70   0x08006f70   0x00000066   Code   RO         1466    .text.HAL_UART_Init  stm32h7xx_hal_uart.o
    0x08006fd6   0x08006fd6   0x00000002   PAD
    0x08006fd8   0x08006fd8   0x0000011e   Code   RO          131    .text.HAL_UART_MspInit  usart.o
    0x080070f6   0x080070f6   0x00000002   PAD
    0x080070f8   0x080070f8   0x00000002   Code   RO         1562    .text.HAL_UART_RxCpltCallback  stm32h7xx_hal_uart.o
    0x080070fa   0x080070fa   0x00000006   PAD
    0x08007100   0x08007100   0x00000002   Code   RO         1564    .text.HAL_UART_RxHalfCpltCallback  stm32h7xx_hal_uart.o
    0x08007102   0x08007102   0x00000006   PAD
    0x08007108   0x08007108   0x00000002   Code   RO         1558    .text.HAL_UART_TxCpltCallback  stm32h7xx_hal_uart.o
    0x0800710a   0x0800710a   0x00000006   PAD
    0x08007110   0x08007110   0x00000002   Code   RO          148    .text.HardFault_Handler  stm32h7xx_it.o
    0x08007112   0x08007112   0x00000006   PAD
    0x08007118   0x08007118   0x0000000c   Code   RO          170    .text.I2C2_ER_IRQHandler  stm32h7xx_it.o
    0x08007124   0x08007124   0x00000004   PAD
    0x08007128   0x08007128   0x0000000c   Code   RO          168    .text.I2C2_EV_IRQHandler  stm32h7xx_it.o
    0x08007134   0x08007134   0x00000004   PAD
    0x08007138   0x08007138   0x0000003c   Code   RO         1236    .text.I2C_DMAAbort  stm32h7xx_hal_i2c.o
    0x08007174   0x08007174   0x00000004   PAD
    0x08007178   0x08007178   0x00000072   Code   RO         1176    .text.I2C_Enable_IRQ  stm32h7xx_hal_i2c.o
    0x080071ea   0x080071ea   0x00000006   PAD
    0x080071f0   0x080071f0   0x00000092   Code   RO         1292    .text.I2C_ITAddrCplt  stm32h7xx_hal_i2c.o
    0x08007282   0x08007282   0x00000006   PAD
    0x08007288   0x08007288   0x0000018a   Code   RO         1254    .text.I2C_ITError   stm32h7xx_hal_i2c.o
    0x08007412   0x08007412   0x00000006   PAD
    0x08007418   0x08007418   0x00000062   Code   RO         1288    .text.I2C_ITListenCplt  stm32h7xx_hal_i2c.o
    0x0800747a   0x0800747a   0x00000006   PAD
    0x08007480   0x08007480   0x00000140   Code   RO         1284    .text.I2C_ITMasterCplt  stm32h7xx_hal_i2c.o
    0x080075c0   0x080075c0   0x00000070   Code   RO         1282    .text.I2C_ITMasterSeqCplt  stm32h7xx_hal_i2c.o
    0x08007630   0x08007630   0x0000034e   Code   RO         1286    .text.I2C_ITSlaveCplt  stm32h7xx_hal_i2c.o
    0x0800797e   0x0800797e   0x00000002   PAD
    0x08007980   0x08007980   0x00000092   Code   RO         1290    .text.I2C_ITSlaveSeqCplt  stm32h7xx_hal_i2c.o
    0x08007a12   0x08007a12   0x00000006   PAD
    0x08007a18   0x08007a18   0x00000138   Code   RO         1294    .text.I2C_IsErrorOccurred  stm32h7xx_hal_i2c.o
    0x08007b50   0x08007b50   0x000001c0   Code   RO         1188    .text.I2C_Master_ISR_DMA  stm32h7xx_hal_i2c.o
    0x08007d10   0x08007d10   0x000001e2   Code   RO         1220    .text.I2C_Mem_ISR_DMA  stm32h7xx_hal_i2c.o
    0x08007ef2   0x08007ef2   0x00000006   PAD
    0x08007ef8   0x08007ef8   0x000001b0   Code   RO         1214    .text.I2C_Mem_ISR_IT  stm32h7xx_hal_i2c.o
    0x080080a8   0x080080a8   0x000002a4   Code   RO         1200    .text.I2C_Slave_ISR_DMA  stm32h7xx_hal_i2c.o
    0x0800834c   0x0800834c   0x00000004   PAD
    0x08008350   0x08008350   0x00000170   Code   RO         1182    .text.I2C_Slave_ISR_IT  stm32h7xx_hal_i2c.o
    0x080084c0   0x080084c0   0x00000064   Code   RO         1162    .text.I2C_WaitOnSTOPFlagUntilTimeout  stm32h7xx_hal_i2c.o
    0x08008524   0x08008524   0x00000004   PAD
    0x08008528   0x08008528   0x000005f4   Code   RO         2449    .text.INS_task      ins_task.o
    0x08008b1c   0x08008b1c   0x00000004   PAD
    0x08008b20   0x08008b20   0x0000004c   Code   RO         2587    .text.LowPassFilter_1st  ekf.o
    0x08008b6c   0x08008b6c   0x00000004   PAD
    0x08008b70   0x08008b70   0x00000064   Code   RO           66    .text.MX_DMA_Init   dma.o
    0x08008bd4   0x08008bd4   0x00000004   PAD
    0x08008bd8   0x08008bd8   0x000000ec   Code   RO           48    .text.MX_FREERTOS_Init  freertos.o
    0x08008cc4   0x08008cc4   0x00000004   PAD
    0x08008cc8   0x08008cc8   0x00000128   Code   RO           37    .text.MX_GPIO_Init  gpio.o
    0x08008df0   0x08008df0   0x0000006a   Code   RO           75    .text.MX_I2C2_Init  i2c.o
    0x08008e5a   0x08008e5a   0x00000006   PAD
    0x08008e60   0x08008e60   0x0000005e   Code   RO           92    .text.MX_SPI1_Init  spi.o
    0x08008ebe   0x08008ebe   0x00000002   PAD
    0x08008ec0   0x08008ec0   0x00000118   Code   RO          109    .text.MX_TIM3_Init  tim.o
    0x08008fd8   0x08008fd8   0x00000144   Code   RO          113    .text.MX_TIM5_Init  tim.o
    0x0800911c   0x0800911c   0x00000004   PAD
    0x08009120   0x08009120   0x00000080   Code   RO          129    .text.MX_USART3_UART_Init  usart.o
    0x080091a0   0x080091a0   0x0000035c   Code   RO         2437    .text.MadgwickAHRSupdateIMU  ins_task.o
    0x080094fc   0x080094fc   0x00000004   PAD
    0x08009500   0x08009500   0x00000002   Code   RO          150    .text.MemManage_Handler  stm32h7xx_it.o
    0x08009502   0x08009502   0x00000006   PAD
    0x08009508   0x08009508   0x00000002   Code   RO          146    .text.NMI_Handler   stm32h7xx_it.o
    0x0800950a   0x0800950a   0x00000006   PAD
    0x08009510   0x08009510   0x0000013c   Code   RO         2522    .text.PID_calc      pid.o
    0x0800964c   0x0800964c   0x00000004   PAD
    0x08009650   0x08009650   0x0000003c   Code   RO         2520    .text.PID_init      pid.o
    0x0800968c   0x0800968c   0x00000004   PAD
    0x08009690   0x08009690   0x00000064   Code   RO         2352    .text.PendSV_Handler  port.o
    0x080096f4   0x080096f4   0x00000004   PAD
    0x080096f8   0x080096f8   0x000000d2   Code   RO         1907    .text.QMC6310_Init  qmc6310.o
    0x080097ca   0x080097ca   0x00000006   PAD
    0x080097d0   0x080097d0   0x0000011e   Code   RO          624    .text.RCCEx_PLL2_Config  stm32h7xx_hal_rcc_ex.o
    0x080098ee   0x080098ee   0x00000002   PAD
    0x080098f0   0x080098f0   0x0000011e   Code   RO          626    .text.RCCEx_PLL3_Config  stm32h7xx_hal_rcc_ex.o
    0x08009a0e   0x08009a0e   0x00000002   PAD
    0x08009a10   0x08009a10   0x0000003a   Code   RO           98    .text.SPI1_ReadWriteByte  spi.o
    0x08009a4a   0x08009a4a   0x00000006   PAD
    0x08009a50   0x08009a50   0x000000c4   Code   RO         1360    .text.SPI_CloseTransfer  stm32h7xx_hal_spi.o
    0x08009b14   0x08009b14   0x00000004   PAD
    0x08009b18   0x08009b18   0x00000180   Code   RO         1891    .text.SPL06_Init    spl06.o
    0x08009c98   0x08009c98   0x00000164   Code   RO         1897    .text.SPL06_Process_Data  spl06.o
    0x08009dfc   0x08009dfc   0x00000004   PAD
    0x08009e00   0x08009e00   0x0000003a   Code   RO         1893    .text.SPL06_Start_Read_IT  spl06.o
    0x08009e3a   0x08009e3a   0x00000006   PAD
    0x08009e40   0x08009e40   0x00000024   Code   RO         2336    .text.SVC_Handler   port.o
    0x08009e64   0x08009e64   0x00000004   PAD
    0x08009e68   0x08009e68   0x00000008   Code   RO           50    .text.StartDefaultTask  freertos.o
    0x08009e70   0x08009e70   0x0000002e   Code   RO         2354    .text.SysTick_Handler  port.o
    0x08009e9e   0x08009e9e   0x00000002   PAD
    0x08009ea0   0x08009ea0   0x000000ca   Code   RO           13    .text.SystemClock_Config  main.o
    0x08009f6a   0x08009f6a   0x00000006   PAD
    0x08009f70   0x08009f70   0x000000ee   Code   RO         1652    .text.SystemInit    system_stm32h7xx.o
    0x0800a05e   0x0800a05e   0x00000002   PAD
    0x0800a060   0x0800a060   0x0000000c   Code   RO          166    .text.TIM2_IRQHandler  stm32h7xx_it.o
    0x0800a06c   0x0800a06c   0x00000004   PAD
    0x0800a070   0x0800a070   0x00000140   Code   RO          211    .text.TIM_Base_SetConfig  stm32h7xx_hal_tim.o
    0x0800a1b0   0x0800a1b0   0x000000e0   Code   RO         1470    .text.UART_AdvFeatureConfig  stm32h7xx_hal_uart.o
    0x0800a290   0x0800a290   0x000000b8   Code   RO         1474    .text.UART_CheckIdleState  stm32h7xx_hal_uart.o
    0x0800a348   0x0800a348   0x0000000c   Code   RO         1552    .text.UART_DMAAbortOnError  stm32h7xx_hal_uart.o
    0x0800a354   0x0800a354   0x00000004   PAD
    0x0800a358   0x0800a358   0x000000c8   Code   RO         1512    .text.UART_DMAError  stm32h7xx_hal_uart.o
    0x0800a420   0x0800a420   0x00000082   Code   RO         1596    .text.UART_DMAReceiveCplt  stm32h7xx_hal_uart.o
    0x0800a4a2   0x0800a4a2   0x00000006   PAD
    0x0800a4a8   0x0800a4a8   0x0000001a   Code   RO         1598    .text.UART_DMARxHalfCplt  stm32h7xx_hal_uart.o
    0x0800a4c2   0x0800a4c2   0x00000006   PAD
    0x0800a4c8   0x0800a4c8   0x000004b8   Code   RO         1472    .text.UART_SetConfig  stm32h7xx_hal_uart.o
    0x0800a980   0x0800a980   0x000000a4   Code   RO         1516    .text.UART_Start_Receive_DMA  stm32h7xx_hal_uart.o
    0x0800aa24   0x0800aa24   0x00000004   PAD
    0x0800aa28   0x0800aa28   0x00000146   Code   RO         1488    .text.UART_WaitOnFlagUntilTimeout  stm32h7xx_hal_uart.o
    0x0800ab6e   0x0800ab6e   0x00000002   PAD
    0x0800ab70   0x0800ab70   0x0000000c   Code   RO          172    .text.USART3_IRQHandler  stm32h7xx_it.o
    0x0800ab7c   0x0800ab7c   0x00000004   PAD
    0x0800ab80   0x0800ab80   0x00000002   Code   RO          154    .text.UsageFault_Handler  stm32h7xx_it.o
    0x0800ab82   0x0800ab82   0x00000006   PAD
    0x0800ab88   0x0800ab88   0x00001004   Code   RO         2375    .text.aricraft_fly_ctrl  aircraft_ctrl_task.o
    0x0800bb8c   0x0800bb8c   0x00000004   PAD
    0x0800bb90   0x0800bb90   0x0000014c   Code   RO         2439    .text.attitude_update_madgwick  ins_task.o
    0x0800bcdc   0x0800bcdc   0x00000004   PAD
    0x0800bce0   0x0800bce0   0x0000007a   Code   RO         1808    .text.bmi088_mma_get_data  bmi088_mma.o
    0x0800bd5a   0x0800bd5a   0x00000006   PAD
    0x0800bd60   0x0800bd60   0x0000003e   Code   RO         1802    .text.bmi088_mma_init  bmi088_mma.o
    0x0800bd9e   0x0800bd9e   0x00000002   PAD
    0x0800bda0   0x0800bda0   0x00000058   Code   RO         1804    .text.bmi088_mma_set_meas_conf  bmi088_mma.o
    0x0800bdf8   0x0800bdf8   0x00000002   Code   RO         1874    .text.bmi08_check_rslt  common.o
    0x0800bdfa   0x0800bdfa   0x00000006   PAD
    0x0800be00   0x0800be00   0x0000003a   Code   RO         1872    .text.bmi08_delay_us  common.o
    0x0800be3a   0x0800be3a   0x00000006   PAD
    0x0800be40   0x0800be40   0x00000004   Code   RO         1864    .text.bmi08_i2c_read  common.o
    0x0800be44   0x0800be44   0x00000004   PAD
    0x0800be48   0x0800be48   0x00000004   Code   RO         1866    .text.bmi08_i2c_write  common.o
    0x0800be4c   0x0800be4c   0x00000004   PAD
    0x0800be50   0x0800be50   0x000000b4   Code   RO         1876    .text.bmi08_interface_init  common.o
    0x0800bf04   0x0800bf04   0x00000004   PAD
    0x0800bf08   0x0800bf08   0x0000007a   Code   RO         1868    .text.bmi08_spi_read  common.o
    0x0800bf82   0x0800bf82   0x00000006   PAD
    0x0800bf88   0x0800bf88   0x00000074   Code   RO         1870    .text.bmi08_spi_write  common.o
    0x0800bffc   0x0800bffc   0x00000004   PAD
    0x0800c000   0x0800c000   0x000000bc   Code   RO         1673    .text.bmi08a_get_set_regs  bmi08a.o
    0x0800c0bc   0x0800c0bc   0x00000004   PAD
    0x0800c0c0   0x0800c0c0   0x0000009c   Code   RO         1669    .text.bmi08a_init   bmi08a.o
    0x0800c15c   0x0800c15c   0x00000004   PAD
    0x0800c160   0x0800c160   0x0000010c   Code   RO         1685    .text.bmi08a_set_meas_conf  bmi08a.o
    0x0800c26c   0x0800c26c   0x00000004   PAD
    0x0800c270   0x0800c270   0x000000a0   Code   RO         1689    .text.bmi08a_set_power_mode  bmi08a.o
    0x0800c310   0x0800c310   0x000000a4   Code   RO         1681    .text.bmi08a_soft_reset  bmi08a.o
    0x0800c3b4   0x0800c3b4   0x00000004   PAD
    0x0800c3b8   0x0800c3b8   0x0000007c   Code   RO         1749    .text.bmi08g_get_data  bmi08g.o
    0x0800c434   0x0800c434   0x00000004   PAD
    0x0800c438   0x0800c438   0x00000072   Code   RO         1733    .text.bmi08g_init   bmi08g.o
    0x0800c4aa   0x0800c4aa   0x00000006   PAD
    0x0800c4b0   0x0800c4b0   0x0000019c   Code   RO         1743    .text.bmi08g_set_meas_conf  bmi08g.o
    0x0800c64c   0x0800c64c   0x00000004   PAD
    0x0800c650   0x0800c650   0x000000fc   Code   RO         1747    .text.bmi08g_set_power_mode  bmi08g.o
    0x0800c74c   0x0800c74c   0x00000004   PAD
    0x0800c750   0x0800c750   0x0000000a   Code   RO         2441    .text.get_imu_data_point  ins_task.o
    0x0800c75a   0x0800c75a   0x00000006   PAD
    0x0800c760   0x0800c760   0x0000000a   Code   RO         2504    .text.get_remote_control_point  remote_control.o
    0x0800c76a   0x0800c76a   0x00000006   PAD
    0x0800c770   0x0800c770   0x000000d8   Code   RO           11    .text.main          main.o
    0x0800c848   0x0800c848   0x00000010   Code   RO         2208    .text.osDelay       cmsis_os.o
    0x0800c858   0x0800c858   0x0000000a   Code   RO         2190    .text.osKernelStart  cmsis_os.o
    0x0800c862   0x0800c862   0x00000006   PAD
    0x0800c868   0x0800c868   0x0000005e   Code   RO         2196    .text.osThreadCreate  cmsis_os.o
    0x0800c8c6   0x0800c8c6   0x00000002   PAD
    0x0800c8c8   0x0800c8c8   0x00000190   Code   RO         2383    .text.pid_ctrl      aircraft_ctrl_task.o
    0x0800ca58   0x0800ca58   0x0000011a   Code   RO         2070    .text.prvAddNewTaskToReadyList  tasks.o
    0x0800cb72   0x0800cb72   0x00000006   PAD
    0x0800cb78   0x0800cb78   0x00000096   Code   RO         2100    .text.prvIdleTask   tasks.o
    0x0800cc0e   0x0800cc0e   0x00000002   PAD
    0x0800cc10   0x0800cc10   0x00000028   Code   RO         2344    .text.prvPortStartFirstTask  port.o
    0x0800cc38   0x0800cc38   0x00000032   Code   RO         2334    .text.prvTaskExitError  port.o
    0x0800cc6a   0x0800cc6a   0x00000006   PAD
    0x0800cc70   0x0800cc70   0x000001c6   Code   RO         2304    .text.pvPortMalloc  heap_4.o
    0x0800ce36   0x0800ce36   0x00000002   PAD
    0x0800ce38   0x0800ce38   0x0000002c   Code   RO         2332    .text.pxPortInitialiseStack  port.o
    0x0800ce64   0x0800ce64   0x00000004   PAD
    0x0800ce68   0x0800ce68   0x0000002a   Code   RO         1959    .text.uxListRemove  list.o
    0x0800ce92   0x0800ce92   0x00000006   PAD
    0x0800ce98   0x0800ce98   0x0000001a   Code   RO           46    .text.vApplicationGetIdleTaskMemory  freertos.o
    0x0800ceb2   0x0800ceb2   0x00000006   PAD
    0x0800ceb8   0x0800ceb8   0x00000016   Code   RO         1951    .text.vListInitialise  list.o
    0x0800cece   0x0800cece   0x00000002   PAD
    0x0800ced0   0x0800ced0   0x00000006   Code   RO         1953    .text.vListInitialiseItem  list.o
    0x0800ced6   0x0800ced6   0x00000002   PAD
    0x0800ced8   0x0800ced8   0x0000003a   Code   RO         1957    .text.vListInsert   list.o
    0x0800cf12   0x0800cf12   0x00000006   PAD
    0x0800cf18   0x0800cf18   0x0000001c   Code   RO         1955    .text.vListInsertEnd  list.o
    0x0800cf34   0x0800cf34   0x00000004   PAD
    0x0800cf38   0x0800cf38   0x00000014   Code   RO         2342    .text.vPortEnableVFP  port.o
    0x0800cf4c   0x0800cf4c   0x00000004   PAD
    0x0800cf50   0x0800cf50   0x0000004a   Code   RO         2348    .text.vPortEnterCritical  port.o
    0x0800cf9a   0x0800cf9a   0x00000006   PAD
    0x0800cfa0   0x0800cfa0   0x0000002e   Code   RO         2350    .text.vPortExitCritical  port.o
    0x0800cfce   0x0800cfce   0x00000002   PAD
    0x0800cfd0   0x0800cfd0   0x000000d2   Code   RO         2306    .text.vPortFree     heap_4.o
    0x0800d0a2   0x0800d0a2   0x00000006   PAD
    0x0800d0a8   0x0800d0a8   0x00000034   Code   RO         2340    .text.vPortSetupTimerInterrupt  port.o
    0x0800d0dc   0x0800d0dc   0x00000004   PAD
    0x0800d0e0   0x0800d0e0   0x000000c2   Code   RO         2076    .text.vTaskDelay    tasks.o
    0x0800d1a2   0x0800d1a2   0x00000006   PAD
    0x0800d1a8   0x0800d1a8   0x00000080   Code   RO         2098    .text.vTaskStartScheduler  tasks.o
    0x0800d228   0x0800d228   0x00000010   Code   RO         2078    .text.vTaskSuspendAll  tasks.o
    0x0800d238   0x0800d238   0x00000086   Code   RO         2092    .text.vTaskSwitchContext  tasks.o
    0x0800d2be   0x0800d2be   0x00000002   PAD
    0x0800d2c0   0x0800d2c0   0x00000132   Code   RO         2338    .text.xPortStartScheduler  port.o
    0x0800d3f2   0x0800d3f2   0x00000006   PAD
    0x0800d3f8   0x0800d3f8   0x000000c4   Code   RO         2072    .text.xTaskCreate   tasks.o
    0x0800d4bc   0x0800d4bc   0x00000004   PAD
    0x0800d4c0   0x0800d4c0   0x000000e0   Code   RO         2068    .text.xTaskCreateStatic  tasks.o
    0x0800d5a0   0x0800d5a0   0x00000180   Code   RO         2104    .text.xTaskIncrementTick  tasks.o
    0x0800d720   0x0800d720   0x0000013c   Code   RO         2082    .text.xTaskResumeAll  tasks.o
    0x0800d85c   0x0800d85c   0x00000004   PAD
    0x0800d860   0x0800d860   0x00000168   Code   RO         2524    .text.yaw_PID_calc  pid.o
    0x0800d9c8   0x0800d9c8   0x00000026   Code   RO         2725    i.__ARM_fpclassifyf  m_wv.l(fpclassifyf.o)
    0x0800d9ee   0x0800d9ee   0x00000002   PAD
    0x0800d9f0   0x0800d9f0   0x0000012c   Code   RO         2639    i.__hardfp_asinf    m_wv.l(asinf.o)
    0x0800db1c   0x0800db1c   0x000002ac   Code   RO         2645    i.__hardfp_atan2f   m_wv.l(atan2f.o)
    0x0800ddc8   0x0800ddc8   0x00000150   Code   RO         2657    i.__hardfp_cosf     m_wv.l(cosf.o)
    0x0800df18   0x0800df18   0x00000664   Code   RO         2663    i.__hardfp_powf     m_wv.l(powf.o)
    0x0800e57c   0x0800e57c   0x00000190   Code   RO         2676    i.__hardfp_sinf     m_wv.l(sinf.o)
    0x0800e70c   0x0800e70c   0x00000014   Code   RO         2727    i.__mathlib_flt_divzero  m_wv.l(funder.o)
    0x0800e720   0x0800e720   0x00000006   Code   RO         2728    i.__mathlib_flt_infnan  m_wv.l(funder.o)
    0x0800e726   0x0800e726   0x00000006   Code   RO         2729    i.__mathlib_flt_infnan2  m_wv.l(funder.o)
    0x0800e72c   0x0800e72c   0x00000010   Code   RO         2730    i.__mathlib_flt_invalid  m_wv.l(funder.o)
    0x0800e73c   0x0800e73c   0x00000010   Code   RO         2731    i.__mathlib_flt_overflow  m_wv.l(funder.o)
    0x0800e74c   0x0800e74c   0x00000010   Code   RO         2733    i.__mathlib_flt_underflow  m_wv.l(funder.o)
    0x0800e75c   0x0800e75c   0x00000154   Code   RO         2746    i.__mathlib_rredf2  m_wv.l(rredf.o)
    0x0800e8b0   0x0800e8b0   0x0000003e   Code   RO         2684    i.sqrtf             m_wv.l(sqrtf.o)
    0x0800e8ee   0x0800e8ee   0x0000001a   Code   RO         2873    x$fpl$fpinit        fz_wv.l(fpinit.o)
    0x0800e908   0x0800e908   0x00000000   Code   RO         2707    x$fpl$usenofp       fz_wv.l(usenofp.o)
    0x0800e908   0x0800e908   0x00000140   Data   RO         2666    .constdata          m_wv.l(powf.o)
    0x0800ea48   0x0800ea48   0x00000020   Data   RO         2747    .constdata          m_wv.l(rredf.o)
    0x0800ea68   0x0800ea68   0x00000006   Data   RO         1601    .rodata..Lswitch.table.UART_SetConfig.5  stm32h7xx_hal_uart.o
    0x0800ea6e   0x0800ea6e   0x00000006   Data   RO         1602    .rodata..Lswitch.table.UART_SetConfig.7  stm32h7xx_hal_uart.o
    0x0800ea74   0x0800ea74   0x00000010   Data   RO         1660    .rodata.D1CorePrescTable  system_stm32h7xx.o
    0x0800ea84   0x0800ea84   0x00000018   Data   RO         1600    .rodata.UARTPrescTable  stm32h7xx_hal_uart.o
    0x0800ea9c   0x0800ea9c   0x00001800   Data   RO         1846    .rodata.bmi088_mm_config_file  bmi088_mma.o
    0x0801029c   0x0801029c   0x00000010   Data   RO         1643    .rodata.cst8        stm32h7xx_hal_uart_ex.o
    0x080102ac   0x080102ac   0x00000019   Data   RO           54    .rodata.str1.1      freertos.o
    0x080102c5   0x080102c5   0x00000003   PAD
    0x080102c8   0x080102c8   0x00000020   Data   RO         2934    Region$$Table       anon$$obj.o


    Execution Region RW_IRAM1 (Exec base: 0x20000000, Load base: 0x080102e8, Size: 0x00000000, Max: 0x00020000, ABSOLUTE)

    **** No section assigned to this execution region ****


    Execution Region RW_IRAM2 (Exec base: 0x24000000, Load base: 0x08010300, Size: 0x00005078, Max: 0x00080000, ABSOLUTE)

    Exec Addr    Load Addr    Size         Type   Attr      Idx    E Section Name        Object

    0x24000000   0x08010300   0x00000004   Data   RW         2395    .data.PID_P         aircraft_ctrl_task.o
    0x24000004   0x08010304   0x0000000c   Data   RW         2391    .data.PID_P1        aircraft_ctrl_task.o
    0x24000010   0x08010310   0x0000000c   Data   RW         2392    .data.PID_P2        aircraft_ctrl_task.o
    0x2400001c   0x0801031c   0x0000000c   Data   RW         2390    .data.PID_R         aircraft_ctrl_task.o
    0x24000028   0x08010328   0x0000000c   Data   RW         2394    .data.PID_Rate_Pitch  aircraft_ctrl_task.o
    0x24000034   0x08010334   0x0000000c   Data   RW         2393    .data.PID_Rate_Roll  aircraft_ctrl_task.o
    0x24000040   0x08010340   0x0000000c   Data   RW         2406    .data.PID_Rate_Yaw  aircraft_ctrl_task.o
    0x2400004c   0x0801034c   0x00000004   Data   RW         2397    .data.Pitch_Angle_Kp  aircraft_ctrl_task.o
    0x24000050   0x08010350   0x00000004   Data   RW         2396    .data.Pitch_Rate_Kp  aircraft_ctrl_task.o
    0x24000054   0x08010354   0x00000004   Data   RW         2399    .data.Roll_Angle_Kp  aircraft_ctrl_task.o
    0x24000058   0x08010358   0x00000004   Data   RW         2398    .data.Roll_Rate_Kp  aircraft_ctrl_task.o
    0x2400005c   0x0801035c   0x00000004   Data   RW         1658    .data.SystemCoreClock  system_stm32h7xx.o
    0x24000060   0x08010360   0x00000004   Data   RW         1659    .data.SystemD2Clock  system_stm32h7xx.o
    0x24000064   0x08010364   0x00000004   Data   RW         2400    .data.YAW_Kp        aircraft_ctrl_task.o
    0x24000068   0x08010368   0x00000004   Data   RW         2461    .data.beta          ins_task.o
    0x2400006c   0x0801036c   0x00000004   Data   RW         2462    .data.q0            ins_task.o
    0x24000070   0x08010370   0x00000004   Data   RW         2595    .data.q_accel_1     ekf.o
    0x24000074   0x08010374   0x00000004   Data   RW         2596    .data.q_bias_1      ekf.o
    0x24000078   0x08010378   0x00000004   Data   RW         2597    .data.r_baro_1      ekf.o
    0x2400007c   0x0801037c   0x00000004   Data   RW         2471    .data.test2         ins_task.o
    0x24000080   0x08010380   0x00000004   Data   RW           21    .data.test_flag     main.o
    0x24000084   0x08010384   0x00000001   Data   RW         1140    .data.uwTickFreq    stm32h7xx_hal.o
    0x24000085   0x08010385   0x00000003   PAD
    0x24000088   0x08010388   0x00000004   Data   RW         1139    .data.uwTickPrio    stm32h7xx_hal.o
    0x2400008c   0x0801038c   0x00000004   Data   RW         2360    .data.uxCriticalNesting  port.o
    0x24000090   0x08010390   0x00000010   PAD
    0x240000a0        -       0x00000060   Zero   RW         2785    .bss                c_w.l(libspace.o)
    0x24000100        -       0x00000004   Zero   RW         2404    .bss.INS_G0         aircraft_ctrl_task.o
    0x24000104        -       0x00000004   Zero   RW         2405    .bss.INS_G1         aircraft_ctrl_task.o
    0x24000108        -       0x00000004   Zero   RW         2409    .bss.INS_G2         aircraft_ctrl_task.o
    0x2400010c        -       0x0000000c   Zero   RW         2485    .bss.INS_accel      ins_task.o
    0x24000118        -       0x0000000c   Zero   RW         2487    .bss.INS_gyro       ins_task.o
    0x24000124        -       0x00000001   Zero   RW         2599    .bss.LowPassFilter_1st.is_first_time  ekf.o
    0x24000125   0x08010390   0x00000003   PAD
    0x24000128        -       0x00000004   Zero   RW         2598    .bss.LowPassFilter_1st.prev_filtered  ekf.o
    0x2400012c        -       0x00000050   Zero   RW         2410    .bss.PID_control_pitch  aircraft_ctrl_task.o
    0x2400017c        -       0x00000050   Zero   RW         2411    .bss.PID_control_roll  aircraft_ctrl_task.o
    0x240001cc        -       0x00000050   Zero   RW         2412    .bss.PID_control_yaw  aircraft_ctrl_task.o
    0x2400021c        -       0x00000050   Zero   RW         2414    .bss.PID_rate_pitch  aircraft_ctrl_task.o
    0x2400026c        -       0x00000050   Zero   RW         2413    .bss.PID_rate_roll  aircraft_ctrl_task.o
    0x240002bc        -       0x00000050   Zero   RW         2415    .bss.PID_rate_yaw   aircraft_ctrl_task.o
    0x2400030c        -       0x00000004   Zero   RW         2424    .bss.PITCH          aircraft_ctrl_task.o
    0x24000310        -       0x00000004   Zero   RW         2402    .bss.Pitch_Rate_Set  aircraft_ctrl_task.o
    0x24000314        -       0x00000004   Zero   RW         2423    .bss.ROLL           aircraft_ctrl_task.o
    0x24000318        -       0x00000004   Zero   RW         2401    .bss.Roll_Rate_Set  aircraft_ctrl_task.o
    0x2400031c        -       0x00000004   Zero   RW         2388    .bss.YAW            aircraft_ctrl_task.o
    0x24000320        -       0x00000004   Zero   RW         2403    .bss.YAW_angle_Set  aircraft_ctrl_task.o
    0x24000324        -       0x00000004   Zero   RW         2408    .bss.Yaw_Rate_Set   aircraft_ctrl_task.o
    0x24000328        -       0x00000004   Zero   RW         2477    .bss.a_z_earth_G    ins_task.o
    0x2400032c        -       0x00000001   Zero   RW         1881    .bss.acc_dev_add    common.o
    0x2400032d   0x08010390   0x00000003   PAD
    0x24000330        -       0x00000004   Zero   RW         2478    .bss.acc_z_earth_mps2  ins_task.o
    0x24000334        -       0x0000006c   Zero   RW         2481    .bss.accel_filter   ins_task.o
    0x240003a0        -       0x0000000c   Zero   RW         2416    .bss.aircraft_control  aircraft_ctrl_task.o
    0x240003ac        -       0x0000003c   Zero   RW         2482    .bss.alt_ekf        ins_task.o
    0x240003e8        -       0x00000001   Zero   RW         2420    .bss.bias_trigger_state  aircraft_ctrl_task.o
    0x240003e9   0x08010390   0x00000003   PAD
    0x240003ec        -       0x00000038   Zero   RW         2475    .bss.bmi08          ins_task.o
    0x24000424        -       0x00000006   Zero   RW         2483    .bss.bmi08_accel    ins_task.o
    0x2400042a        -       0x00000006   Zero   RW         2486    .bss.bmi08_gyro     ins_task.o
    0x24000430        -       0x00000001   Zero   RW         1913    .bss.chip_id        qmc6310.o
    0x24000431   0x08010390   0x00000003   PAD
    0x24000434        -       0x00000004   Zero   RW           55    .bss.defaultTaskHandle  freertos.o
    0x24000438        -       0x00000001   Zero   RW         2451    .bss.ekf_initialized  ins_task.o
    0x24000439   0x08010390   0x00000003   PAD
    0x2400043c        -       0x0000004c   Zero   RW         2511    .bss.elrs_data      remote_control.o
    0x24000488        -       0x00000024   Zero   RW         2510    .bss.elrs_data_temp  remote_control.o
    0x240004ac        -       0x00000004   Zero   RW           20    .bss.error_id       main.o
    0x240004b0        -       0x00000004   Zero   RW         1880    .bss.fac_us         common.o
    0x240004b4        -       0x00000004   Zero   RW         2472    .bss.filtered_gz_dps  ins_task.o
    0x240004b8        -       0x00000004   Zero   RW           57    .bss.fly_ctrlTaskHandle  freertos.o
    0x240004bc        -       0x00000004   Zero   RW         2467    .bss.g_pitch        ins_task.o
    0x240004c0        -       0x00000004   Zero   RW         2466    .bss.g_roll         ins_task.o
    0x240004c4        -       0x00000001   Zero   RW         1882    .bss.gyro_dev_add   common.o
    0x240004c5   0x08010390   0x00000003   PAD
    0x240004c8        -       0x0000006c   Zero   RW         2480    .bss.gyro_filter    ins_task.o
    0x24000534        -       0x00000078   Zero   RW           82    .bss.hdma_i2c2_rx   i2c.o
    0x240005ac        -       0x00000078   Zero   RW           83    .bss.hdma_i2c2_tx   i2c.o
    0x24000624        -       0x00000078   Zero   RW          136    .bss.hdma_usart3_rx  usart.o
    0x2400069c        -       0x00000078   Zero   RW          137    .bss.hdma_usart3_tx  usart.o
    0x24000714        -       0x00000054   Zero   RW           81    .bss.hi2c2          i2c.o
    0x24000768        -       0x00000088   Zero   RW          100    .bss.hspi1          spi.o
    0x240007f0        -       0x0000004c   Zero   RW          198    .bss.htim2          stm32h7xx_hal_timebase_tim.o
    0x2400083c        -       0x0000004c   Zero   RW          119    .bss.htim3          tim.o
    0x24000888        -       0x0000004c   Zero   RW          120    .bss.htim5          tim.o
    0x240008d4        -       0x00000094   Zero   RW          135    .bss.huart3         usart.o
    0x24000968        -       0x00000004   Zero   RW           56    .bss.imuTaskHandle  freertos.o
    0x2400096c        -       0x00000090   Zero   RW         2473    .bss.imu_data       ins_task.o
    0x240009fc        -       0x00000004   Zero   RW         2452    .bss.last_ekf_time  ins_task.o
    0x24000a00        -       0x00000004   Zero   RW         2418    .bss.pitch1_angle   aircraft_ctrl_task.o
    0x24000a04        -       0x00000004   Zero   RW         2421    .bss.pitch1_bias    aircraft_ctrl_task.o
    0x24000a08        -       0x00000004   Zero   RW         2160    .bss.pxCurrentTCB   tasks.o
    0x24000a0c        -       0x00000004   Zero   RW         2176    .bss.pxDelayedTaskList  tasks.o
    0x24000a10        -       0x00000004   Zero   RW         2316    .bss.pxEnd          heap_4.o
    0x24000a14        -       0x00000004   Zero   RW         2177    .bss.pxOverflowDelayedTaskList  tasks.o
    0x24000a18        -       0x0000008c   Zero   RW         2161    .bss.pxReadyTasksLists  tasks.o
    0x24000aa4        -       0x00000004   Zero   RW         2463    .bss.q1             ins_task.o
    0x24000aa8        -       0x00000004   Zero   RW         2464    .bss.q2             ins_task.o
    0x24000aac        -       0x00000004   Zero   RW         2465    .bss.q3             ins_task.o
    0x24000ab0        -       0x00000004   Zero   RW         2417    .bss.roll_angle     aircraft_ctrl_task.o
    0x24000ab4        -       0x00000004   Zero   RW         2389    .bss.roll_bias      aircraft_ctrl_task.o
    0x24000ab8        -       0x00000001   Zero   RW         2484    .bss.rslt           ins_task.o
    0x24000ab9   0x08010390   0x00000003   PAD
    0x24000abc        -       0x00000004   Zero   RW         2387    .bss.servo_value    aircraft_ctrl_task.o
    0x24000ac0        -       0x00000004   Zero   RW         2469    .bss.simple_yaw     ins_task.o
    0x24000ac4   0x08010390   0x0000001c   PAD
    0x24000ae0        -       0x00000080   Zero   RW         2479    .bss.spl06_inst     ins_task.o
    0x24000b60        -       0x00003c00   Zero   RW         2323    .bss.ucHeap         heap_4.o
    0x24004760        -       0x00000001   Zero   RW         2358    .bss.ucMaxSysCallPriority  port.o
    0x24004761   0x08010390   0x00000003   PAD
    0x24004764        -       0x00000004   Zero   RW         2359    .bss.ulMaxPRIGROUPValue  port.o
    0x24004768        -       0x00000004   Zero   RW         1141    .bss.uwTick         stm32h7xx_hal.o
    0x2400476c        -       0x00000004   Zero   RW         2166    .bss.uxCurrentNumberOfTasks  tasks.o
    0x24004770        -       0x00000004   Zero   RW         2165    .bss.uxDeletedTasksWaitingCleanUp  tasks.o
    0x24004774        -       0x00000004   Zero   RW         2168    .bss.uxSchedulerSuspended  tasks.o
    0x24004778        -       0x00000004   Zero   RW         2163    .bss.uxTaskNumber   tasks.o
    0x2400477c        -       0x00000004   Zero   RW         2162    .bss.uxTopReadyPriority  tasks.o
    0x24004780        -       0x00000001   Zero   RW         2317    .bss.xBlockAllocatedBit  heap_4.o
    0x24004781   0x08010390   0x00000003   PAD
    0x24004784        -       0x00000014   Zero   RW         2179    .bss.xDelayedTaskList1  tasks.o
    0x24004798        -       0x00000014   Zero   RW         2180    .bss.xDelayedTaskList2  tasks.o
    0x240047ac        -       0x00000004   Zero   RW         2318    .bss.xFreeBytesRemaining  heap_4.o
    0x240047b0        -       0x00000200   Zero   RW           53    .bss.xIdleStack     freertos.o
    0x240049b0        -       0x00000004   Zero   RW         2171    .bss.xIdleTaskHandle  tasks.o
    0x240049b4        -       0x00000054   Zero   RW           52    .bss.xIdleTaskTCBBuffer  freertos.o
    0x24004a08        -       0x00000004   Zero   RW         2320    .bss.xMinimumEverFreeBytesRemaining  heap_4.o
    0x24004a0c        -       0x00000004   Zero   RW         2172    .bss.xNextTaskUnblockTime  tasks.o
    0x24004a10        -       0x00000004   Zero   RW         2178    .bss.xNumOfOverflows  tasks.o
    0x24004a14        -       0x00000004   Zero   RW         2321    .bss.xNumberOfSuccessfulAllocations  heap_4.o
    0x24004a18        -       0x00000004   Zero   RW         2322    .bss.xNumberOfSuccessfulFrees  heap_4.o
    0x24004a1c        -       0x00000004   Zero   RW         2175    .bss.xPendedTicks   tasks.o
    0x24004a20        -       0x00000014   Zero   RW         2170    .bss.xPendingReadyList  tasks.o
    0x24004a34        -       0x00000004   Zero   RW         2167    .bss.xSchedulerRunning  tasks.o
    0x24004a38        -       0x00000008   Zero   RW         2319    .bss.xStart         heap_4.o
    0x24004a40        -       0x00000014   Zero   RW         2169    .bss.xSuspendedTaskList  tasks.o
    0x24004a54        -       0x00000014   Zero   RW         2164    .bss.xTasksWaitingTermination  tasks.o
    0x24004a68        -       0x00000004   Zero   RW         2173    .bss.xTickCount     tasks.o
    0x24004a6c        -       0x00000004   Zero   RW         2174    .bss.xYieldPending  tasks.o
    0x24004a70        -       0x00000004   Zero   RW         2419    .bss.yaw_angle      aircraft_ctrl_task.o
    0x24004a74        -       0x00000004   Zero   RW         2422    .bss.yaw_bias       aircraft_ctrl_task.o
    0x24004a78        -       0x00000200   Zero   RW            2    HEAP                startup_stm32h743xx.o
    0x24004c78        -       0x00000400   Zero   RW            1    STACK               startup_stm32h743xx.o


==============================================================================

Image component sizes


      Code (inc. data)   RO Data    RW Data    ZI Data      Debug   Object Name

      4932        228          0         96        561      10002   aircraft_ctrl_task.o
       258         12          0          0          0       1907   biquad_filter.o
       272          0       6144          0          0      22418   bmi088_mma.o
       936          0          0          0          0      51601   bmi08a.o
       902          0          0          0          0      29361   bmi08g.o
       120          0          0          0          0      23384   cmsis_os.o
       498          0          0          0          6       6409   common.o
       100          0          0          0          0       5504   dma.o
       684          8          0         12          5       2796   ekf.o
       270         84         25          0        608       3343   freertos.o
       296          0          0          0          0       3129   gpio.o
       664          0          0          0      15389       5095   heap_4.o
       412          0          0          0        324      11560   i2c.o
      2726        152          0         12        682      16569   ins_task.o
       156          0          0          0          0       2253   list.o
       442          0          0          4          4       8226   main.o
       736         24          0          0          0       2315   pid.o
       814         16          0          4          5       4080   port.o
       210          0          0          0          1       3252   qmc6310.o
      1546         48          0          0        112      15647   remote_control.o
       356          0          0          0        136       8677   spi.o
       798         16          0          0          0       7300   spl06.o
        72         30        664          0       1536        884   startup_stm32h743xx.o
       192          0          0          5          4      14974   stm32h7xx_hal.o
       306          0          0          0          0      12574   stm32h7xx_hal_cortex.o
      8152         12          0          0          0      18181   stm32h7xx_hal_dma.o
       424          0          0          0          0       6986   stm32h7xx_hal_gpio.o
      7148          0          0          0          0      64639   stm32h7xx_hal_i2c.o
       146          0          0          0          0       7607   stm32h7xx_hal_i2c_ex.o
        42          0          0          0          0       5541   stm32h7xx_hal_msp.o
        72          0          0          0          0      10587   stm32h7xx_hal_pwr_ex.o
      2894         16          0          0          0      11868   stm32h7xx_hal_rcc.o
      3774        122          0          0          0      18067   stm32h7xx_hal_rcc_ex.o
      1604          0          0          0          0      21690   stm32h7xx_hal_spi.o
      2682         14          0          0          0      64747   stm32h7xx_hal_tim.o
       210          0          0          0          0      24962   stm32h7xx_hal_tim_ex.o
       160          0          0          0         76       9856   stm32h7xx_hal_timebase_tim.o
      3738        300         36          0          0      37688   stm32h7xx_hal_uart.o
       438          0         16          0          0      11223   stm32h7xx_hal_uart_ex.o
       110          0          0          0          0       8672   stm32h7xx_it.o
       264          0         16          8          0       6284   system_stm32h7xx.o
      2024          8          0          0        300      26873   tasks.o
       692          0          0          0        152       8012   tim.o
       414          0          0          0        388      11663   usart.o

    ----------------------------------------------------------------------
     54456       1142       6936        144      20360     648406   Object Totals
         0          0         32          0          0          0   (incl. Generated)
       770         52          3          3         71          0   (incl. Padding)

    ----------------------------------------------------------------------

      Code (inc. data)   RO Data    RW Data    ZI Data      Debug   Library Member Name

         8          0          0          0          0         68   __main.o
         0          0          0          0          0          0   __rtentry.o
        12          0          0          0          0          0   __rtentry2.o
         6          0          0          0          0          0   __rtentry4.o
        52          8          0          0          0          0   __scatter.o
        26          0          0          0          0          0   __scatter_copy.o
        28          0          0          0          0          0   __scatter_zi.o
        22          0          0          0          0        100   _rserrno.o
        18          0          0          0          0         80   exit.o
         6          0          0          0          0        152   heapauxi.o
         0          0          0          0          0          0   indicate_semi.o
         2          0          0          0          0          0   libinit.o
         6          0          0          0          0          0   libinit2.o
         2          0          0          0          0          0   libshutdown.o
         2          0          0          0          0          0   libshutdown2.o
         8          4          0          0         96         68   libspace.o
       240          0          0          0          0        100   lludivv7m.o
         8          4          0          0          0         68   rt_errno_addr_intlibspace.o
        78          0          0          0          0         80   rt_memclr_w.o
         2          0          0          0          0          0   rtexit.o
        10          0          0          0          0          0   rtexit2.o
        12          4          0          0          0         68   sys_exit.o
        74          0          0          0          0         80   sys_stackheap_outer.o
         2          0          0          0          0         68   use_no_semi.o
        26          0          0          0          0        116   fpinit.o
         0          0          0          0          0          0   usenofp.o
       300         42          0          0          0        176   asinf.o
       684         90          0          0          0        208   atan2f.o
       336         56          0          0          0        136   cosf.o
        38          0          0          0          0        116   fpclassifyf.o
        80         24          0          0          0        696   funder.o
      1636        110        320          0          0        372   powf.o
       340         24         32          0          0        160   rredf.o
       400         56          0          0          0        212   sinf.o
        62          0          0          0          0        136   sqrtf.o

    ----------------------------------------------------------------------
      4536        422        352          0         96       3260   Library Totals
        10          0          0          0          0          0   (incl. Padding)

    ----------------------------------------------------------------------

      Code (inc. data)   RO Data    RW Data    ZI Data      Debug   Library Name

       624         20          0          0         96        932   c_w.l
        26          0          0          0          0        116   fz_wv.l
      3876        402        352          0          0       2212   m_wv.l

    ----------------------------------------------------------------------
      4536        422        352          0         96       3260   Library Totals

    ----------------------------------------------------------------------

==============================================================================


      Code (inc. data)   RO Data    RW Data    ZI Data      Debug   

     58992       1564       7288        144      20456     649162   Grand Totals
     58992       1564       7288        144      20456     649162   ELF Image Totals
     58992       1564       7288        144          0          0   ROM Totals

==============================================================================

    Total RO  Size (Code + RO Data)                66280 (  64.73kB)
    Total RW  Size (RW Data + ZI Data)             20600 (  20.12kB)
    Total ROM Size (Code + RO Data + RW Data)      66424 (  64.87kB)

==============================================================================

