<html>
<body>
<pre>
<h1>µVision Build Log</h1>
<h2>Tool Versions:</h2>
IDE-Version: ¦ÌVision V5.38.0.0
Copyright (C) 2022 ARM Ltd and ARM Germany GmbH. All rights reserved.
License Information: 1 1, 1, LIC=47GU5-GT6CZ-LQE0Q-NLT1E-XMR3W-II92R
 
Tool Versions:
Toolchain:       MDK-ARM Plus  Version: 5.38.0.0
Toolchain Path:  D:\Keil5\ARM\ARMCLANG\Bin
C Compiler:      ArmClang.exe V6.19
Assembler:       Armasm.exe V6.19
Linker/Locator:  ArmLink.exe V6.19
Library Manager: ArmAr.exe V6.19
Hex Converter:   FromElf.exe V6.19
CPU DLL:         SARMCM3.DLL V5.38.0.0
Dialog DLL:      DCM.DLL V1.17.5.0
Target DLL:      STLink\ST-LINKIII-KEIL_SWO.dll V3.1.0.0
Dialog DLL:      TCM.DLL V1.56.4.0
 
<h2>Project:</h2>
C:\Users\ADMIN\Desktop\fly_control_stm1.1.1 - weiyi\fly_control_stm1.1.3_numb2\MDK-ARM\fly_control_stm.uvprojx
Project File Date:  05/21/2026

<h2>Output:</h2>
*** Using Compiler 'V6.19', folder: 'D:\Keil5\ARM\ARMCLANG\Bin'
Rebuild target 'fly_control_stm'
assembling startup_stm32h743xx.s...
compiling i2c.c...
compiling tim.c...
compiling gpio.c...
compiling dma.c...
compiling freertos.c...
compiling stm32h7xx_it.c...
compiling stm32h7xx_hal_msp.c...
compiling main.c...
compiling spi.c...
compiling usart.c...
compiling stm32h7xx_hal_timebase_tim.c...
compiling stm32h7xx_hal_cortex.c...
compiling stm32h7xx_hal_flash.c...
compiling stm32h7xx_hal_gpio.c...
compiling stm32h7xx_hal_hsem.c...
compiling stm32h7xx_hal_flash_ex.c...
compiling stm32h7xx_hal_tim_ex.c...
compiling stm32h7xx_hal_rcc.c...
compiling stm32h7xx_hal_dma_ex.c...
compiling stm32h7xx_hal_rcc_ex.c...
compiling stm32h7xx_hal_pwr.c...
compiling stm32h7xx_hal_mdma.c...
compiling stm32h7xx_hal_dma.c...
compiling stm32h7xx_hal_i2c_ex.c...
compiling stm32h7xx_hal_pwr_ex.c...
compiling stm32h7xx_hal.c...
compiling stm32h7xx_hal_tim.c...
compiling stm32h7xx_hal_exti.c...
compiling stm32h7xx_hal_spi_ex.c...
compiling system_stm32h7xx.c...
compiling bmi08xa.c...
compiling stm32h7xx_hal_uart_ex.c...
compiling stm32h7xx_hal_spi.c...
compiling common.c...
compiling spl06.c...
compiling bmi08g.c...
compiling croutine.c...
compiling qmc6310.c...
compiling event_groups.c...
compiling list.c...
compiling stm32h7xx_hal_uart.c...
compiling bmi088_mma.c...
compiling timers.c...
compiling bmi08a.c...
compiling stm32h7xx_hal_i2c.c...
compiling stream_buffer.c...
compiling heap_4.c...
compiling port.c...
compiling queue.c...
compiling cmsis_os.c...
compiling tasks.c...
compiling MahonyAHRS.c...
compiling ekf.c...
../application/INS_task.c(32): warning: In file included from...
../algorithm\ahrs.h(4): warning: In file included from...
../algorithm/AHRS_MiddleWare.h(23): warning: redefinition of typedef 'int8_t' is a C11 feature [-Wtypedef-redefinition]
typedef signed char int8_t;
                    ^
../Core/Inc\struct_typedef.h(5): note: previous definition is here
typedef signed char int8_t;
                    ^
../application/INS_task.c(32): warning: In file included from...
../algorithm\ahrs.h(4): warning: In file included from...
../algorithm/AHRS_MiddleWare.h(24): warning: redefinition of typedef 'int16_t' is a C11 feature [-Wtypedef-redefinition]
typedef signed short int int16_t;
                         ^
../Core/Inc\struct_typedef.h(6): note: previous definition is here
typedef signed short int int16_t;
                         ^
../application/INS_task.c(32): warning: In file included from...
../algorithm\ahrs.h(4): warning: In file included from...
../algorithm/AHRS_MiddleWare.h(25): warning: redefinition of typedef 'int32_t' is a C11 feature [-Wtypedef-redefinition]
typedef signed int int32_t;
                   ^
../Core/Inc\struct_typedef.h(7): note: previous definition is here
typedef signed int int32_t;
                   ^
../application/INS_task.c(32): warning: In file included from...
../algorithm\ahrs.h(4): warning: In file included from...
../algorithm/AHRS_MiddleWare.h(26): warning: redefinition of typedef 'int64_t' is a C11 feature [-Wtypedef-redefinition]
typedef signed long long int64_t;
                         ^
../Core/Inc\struct_typedef.h(8): note: previous definition is here
typedef signed long long int64_t;
                         ^
../application/INS_task.c(32): warning: In file included from...
../algorithm\ahrs.h(4): warning: In file included from...
../algorithm/AHRS_MiddleWare.h(29): warning: redefinition of typedef 'uint8_t' is a C11 feature [-Wtypedef-redefinition]
typedef unsigned char uint8_t;
                      ^
../Core/Inc\struct_typedef.h(11): note: previous definition is here
typedef unsigned char uint8_t;
                      ^
../application/INS_task.c(32): warning: In file included from...
../algorithm\ahrs.h(4): warning: In file included from...
../algorithm/AHRS_MiddleWare.h(30): warning: redefinition of typedef 'uint16_t' is a C11 feature [-Wtypedef-redefinition]
typedef unsigned short int uint16_t;
                           ^
../Core/Inc\struct_typedef.h(12): note: previous definition is here
typedef unsigned short int uint16_t;
                           ^
../application/INS_task.c(32): warning: In file included from...
../algorithm\ahrs.h(4): warning: In file included from...
../algorithm/AHRS_MiddleWare.h(31): warning: redefinition of typedef 'uint32_t' is a C11 feature [-Wtypedef-redefinition]
typedef unsigned int uint32_t;
                     ^
../Core/Inc\struct_typedef.h(13): note: previous definition is here
typedef unsigned int uint32_t;
                     ^
../application/INS_task.c(32): warning: In file included from...
../algorithm\ahrs.h(4): warning: In file included from...
../algorithm/AHRS_MiddleWare.h(32): warning: redefinition of typedef 'uint64_t' is a C11 feature [-Wtypedef-redefinition]
typedef unsigned long long uint64_t;
                           ^
../Core/Inc\struct_typedef.h(14): note: previous definition is here
typedef unsigned long long uint64_t;
                           ^
../application/INS_task.c(32): warning: In file included from...
../algorithm\ahrs.h(4): warning: In file included from...
../algorithm/AHRS_MiddleWare.h(33): warning: redefinition of typedef 'bool_t' is a C11 feature [-Wtypedef-redefinition]
typedef unsigned char bool_t;
                      ^
../Core/Inc\struct_typedef.h(15): note: previous definition is here
typedef unsigned char bool_t;
                      ^
../application/INS_task.c(32): warning: In file included from...
../algorithm\ahrs.h(4): warning: In file included from...
../algorithm/AHRS_MiddleWare.h(34): warning: redefinition of typedef 'fp32' is a C11 feature [-Wtypedef-redefinition]
typedef float fp32;
              ^
../Core/Inc\struct_typedef.h(16): note: previous definition is here
typedef float fp32;
              ^
../application/INS_task.c(32): warning: In file included from...
../algorithm\ahrs.h(4): warning: In file included from...
../algorithm/AHRS_MiddleWare.h(35): warning: redefinition of typedef 'fp64' is a C11 feature [-Wtypedef-redefinition]
typedef double fp64;
               ^
../Core/Inc\struct_typedef.h(17): note: previous definition is here
typedef double fp64;
               ^
11 warnings generated.
compiling INS_task.c...
compiling Aircraft_ctrl_task.c...
compiling biquad_filter.c...
compiling pid.c...
compiling remote_control.c...
compiling AHRS_middleware.c...
linking...
Program Size: Code=58992 RO-data=7288 RW-data=144 ZI-data=20456  
FromELF: creating hex file...
"fly_control_stm\fly_control_stm.axf" - 0 Error(s), 11 Warning(s).

<h2>Software Packages used:</h2>

Package Vendor: ARM
                https://www.keil.com/pack/ARM.CMSIS.6.2.0.pack
                ARM.CMSIS.6.2.0
                CMSIS (Common Microcontroller Software Interface Standard)
   * Component: CORE Version: 6.1.1

Package Vendor: Keil
                https://www.keil.com/pack/Keil.STM32H7xx_DFP.4.1.0.pack
                Keil.STM32H7xx_DFP.4.1.0
                STMicroelectronics STM32H7 Series Device Support

<h2>Collection of Component include folders:</h2>
  ./RTE/_fly_control_stm
  D:/Keil5/PACK/ARM/CMSIS/6.2.0/CMSIS/Core/Include

<h2>Collection of Component Files used:</h2>

   * Component: ARM::CMSIS:CORE:6.1.1
      Include file:  CMSIS/Core/Include/tz_context.h
Build Time Elapsed:  00:00:03
</pre>
</body>
</html>
